Archive member included to satisfy reference by file (symbol)

c:/ac6/systemworkbench/plugins/fr.ac6.mcu.externaltools.arm-none.win32_1.16.0.201807130628/tools/compiler/bin/../lib/gcc/arm-none-eabi/7.2.1/../../../../arm-none-eabi/lib/thumb/v7e-m/fpv5/hard\libm.a(lib_a-sf_cos.o)
                              Src/autoctrl.o (cosf)
c:/ac6/systemworkbench/plugins/fr.ac6.mcu.externaltools.arm-none.win32_1.16.0.201807130628/tools/compiler/bin/../lib/gcc/arm-none-eabi/7.2.1/../../../../arm-none-eabi/lib/thumb/v7e-m/fpv5/hard\libm.a(lib_a-sf_pow.o)
                              Src/autoctrl.o (powf)
c:/ac6/systemworkbench/plugins/fr.ac6.mcu.externaltools.arm-none.win32_1.16.0.201807130628/tools/compiler/bin/../lib/gcc/arm-none-eabi/7.2.1/../../../../arm-none-eabi/lib/thumb/v7e-m/fpv5/hard\libm.a(lib_a-sf_pow_log2_data.o)
                              c:/ac6/systemworkbench/plugins/fr.ac6.mcu.externaltools.arm-none.win32_1.16.0.201807130628/tools/compiler/bin/../lib/gcc/arm-none-eabi/7.2.1/../../../../arm-none-eabi/lib/thumb/v7e-m/fpv5/hard\libm.a(lib_a-sf_pow.o) (__powf_log2_data)
c:/ac6/systemworkbench/plugins/fr.ac6.mcu.externaltools.arm-none.win32_1.16.0.201807130628/tools/compiler/bin/../lib/gcc/arm-none-eabi/7.2.1/../../../../arm-none-eabi/lib/thumb/v7e-m/fpv5/hard\libm.a(lib_a-sf_sin.o)
                              Src/autoctrl.o (sinf)
c:/ac6/systemworkbench/plugins/fr.ac6.mcu.externaltools.arm-none.win32_1.16.0.201807130628/tools/compiler/bin/../lib/gcc/arm-none-eabi/7.2.1/../../../../arm-none-eabi/lib/thumb/v7e-m/fpv5/hard\libm.a(lib_a-wf_asin.o)
                              Src/controller.o (asinf)
c:/ac6/systemworkbench/plugins/fr.ac6.mcu.externaltools.arm-none.win32_1.16.0.201807130628/tools/compiler/bin/../lib/gcc/arm-none-eabi/7.2.1/../../../../arm-none-eabi/lib/thumb/v7e-m/fpv5/hard\libm.a(lib_a-wf_atan2.o)
                              Src/autoctrl.o (atan2f)
c:/ac6/systemworkbench/plugins/fr.ac6.mcu.externaltools.arm-none.win32_1.16.0.201807130628/tools/compiler/bin/../lib/gcc/arm-none-eabi/7.2.1/../../../../arm-none-eabi/lib/thumb/v7e-m/fpv5/hard\libm.a(lib_a-wf_sqrt.o)
                              Src/autoctrl.o (sqrtf)
c:/ac6/systemworkbench/plugins/fr.ac6.mcu.externaltools.arm-none.win32_1.16.0.201807130628/tools/compiler/bin/../lib/gcc/arm-none-eabi/7.2.1/../../../../arm-none-eabi/lib/thumb/v7e-m/fpv5/hard\libm.a(lib_a-ef_asin.o)
                              c:/ac6/systemworkbench/plugins/fr.ac6.mcu.externaltools.arm-none.win32_1.16.0.201807130628/tools/compiler/bin/../lib/gcc/arm-none-eabi/7.2.1/../../../../arm-none-eabi/lib/thumb/v7e-m/fpv5/hard\libm.a(lib_a-wf_asin.o) (__ieee754_asinf)
c:/ac6/systemworkbench/plugins/fr.ac6.mcu.externaltools.arm-none.win32_1.16.0.201807130628/tools/compiler/bin/../lib/gcc/arm-none-eabi/7.2.1/../../../../arm-none-eabi/lib/thumb/v7e-m/fpv5/hard\libm.a(lib_a-ef_atan2.o)
                              c:/ac6/systemworkbench/plugins/fr.ac6.mcu.externaltools.arm-none.win32_1.16.0.201807130628/tools/compiler/bin/../lib/gcc/arm-none-eabi/7.2.1/../../../../arm-none-eabi/lib/thumb/v7e-m/fpv5/hard\libm.a(lib_a-wf_atan2.o) (__ieee754_atan2f)
c:/ac6/systemworkbench/plugins/fr.ac6.mcu.externaltools.arm-none.win32_1.16.0.201807130628/tools/compiler/bin/../lib/gcc/arm-none-eabi/7.2.1/../../../../arm-none-eabi/lib/thumb/v7e-m/fpv5/hard\libm.a(lib_a-ef_rem_pio2.o)
                              c:/ac6/systemworkbench/plugins/fr.ac6.mcu.externaltools.arm-none.win32_1.16.0.201807130628/tools/compiler/bin/../lib/gcc/arm-none-eabi/7.2.1/../../../../arm-none-eabi/lib/thumb/v7e-m/fpv5/hard\libm.a(lib_a-sf_cos.o) (__ieee754_rem_pio2f)
c:/ac6/systemworkbench/plugins/fr.ac6.mcu.externaltools.arm-none.win32_1.16.0.201807130628/tools/compiler/bin/../lib/gcc/arm-none-eabi/7.2.1/../../../../arm-none-eabi/lib/thumb/v7e-m/fpv5/hard\libm.a(lib_a-ef_sqrt.o)
                              c:/ac6/systemworkbench/plugins/fr.ac6.mcu.externaltools.arm-none.win32_1.16.0.201807130628/tools/compiler/bin/../lib/gcc/arm-none-eabi/7.2.1/../../../../arm-none-eabi/lib/thumb/v7e-m/fpv5/hard\libm.a(lib_a-wf_sqrt.o) (__ieee754_sqrtf)
c:/ac6/systemworkbench/plugins/fr.ac6.mcu.externaltools.arm-none.win32_1.16.0.201807130628/tools/compiler/bin/../lib/gcc/arm-none-eabi/7.2.1/../../../../arm-none-eabi/lib/thumb/v7e-m/fpv5/hard\libm.a(lib_a-kf_cos.o)
                              c:/ac6/systemworkbench/plugins/fr.ac6.mcu.externaltools.arm-none.win32_1.16.0.201807130628/tools/compiler/bin/../lib/gcc/arm-none-eabi/7.2.1/../../../../arm-none-eabi/lib/thumb/v7e-m/fpv5/hard\libm.a(lib_a-sf_cos.o) (__kernel_cosf)
c:/ac6/systemworkbench/plugins/fr.ac6.mcu.externaltools.arm-none.win32_1.16.0.201807130628/tools/compiler/bin/../lib/gcc/arm-none-eabi/7.2.1/../../../../arm-none-eabi/lib/thumb/v7e-m/fpv5/hard\libm.a(lib_a-kf_rem_pio2.o)
[...]
Memory Configuration

Name             Origin             Length             Attributes
RAM              0x20000000         0x00080000         xrw
FLASH            0x08000000         0x00200000         xr
*default*        0x00000000         0xffffffff

Linker script and memory map

LOAD c:/ac6/systemworkbench/plugins/fr.ac6.mcu.externaltools.arm-none.win32_1.16.0.201807130628/tools/compiler/bin/../lib/gcc/arm-none-eabi/7.2.1/thumb/v7e-m/fpv5/hard/crti.o
LOAD c:/ac6/systemworkbench/plugins/fr.ac6.mcu.externaltools.arm-none.win32_1.16.0.201807130628/tools/compiler/bin/../lib/gcc/arm-none-eabi/7.2.1/thumb/v7e-m/fpv5/hard/crtbegin.o
LOAD c:/ac6/systemworkbench/plugins/fr.ac6.mcu.externaltools.arm-none.win32_1.16.0.201807130628/tools/compiler/bin/../lib/gcc/arm-none-eabi/7.2.1/../../../../arm-none-eabi/lib/thumb/v7e-m/fpv5/hard/crt0.o
LOAD Drivers/STM32F7xx_HAL_Driver/Src/stm32f7xx_hal.o
LOAD Drivers/STM32F7xx_HAL_Driver/Src/stm32f7xx_hal_cortex.o
LOAD Drivers/STM32F7xx_HAL_Driver/Src/stm32f7xx_hal_dma.o
LOAD Drivers/STM32F7xx_HAL_Driver/Src/stm32f7xx_hal_dma_ex.o
LOAD Drivers/STM32F7xx_HAL_Driver/Src/stm32f7xx_hal_eth.o
LOAD Drivers/STM32F7xx_HAL_Driver/Src/stm32f7xx_hal_exti.o
LOAD Drivers/STM32F7xx_HAL_Driver/Src/stm32f7xx_hal_flash.o
LOAD Drivers/STM32F7xx_HAL_Driver/Src/stm32f7xx_hal_flash_ex.o
LOAD Drivers/STM32F7xx_HAL_Driver/Src/stm32f7xx_hal_gpio.o
LOAD Drivers/STM32F7xx_HAL_Driver/Src/stm32f7xx_hal_i2c.o
LOAD Drivers/STM32F7xx_HAL_Driver/Src/stm32f7xx_hal_i2c_ex.o
LOAD Drivers/STM32F7xx_HAL_Driver/Src/stm32f7xx_hal_pwr.o
LOAD Drivers/STM32F7xx_HAL_Driver/Src/stm32f7xx_hal_pwr_ex.o
LOAD Drivers/STM32F7xx_HAL_Driver/Src/stm32f7xx_hal_rcc.o
LOAD Drivers/STM32F7xx_HAL_Driver/Src/stm32f7xx_hal_rcc_ex.o
LOAD Drivers/STM32F7xx_HAL_Driver/Src/stm32f7xx_hal_spi.o
LOAD Drivers/STM32F7xx_HAL_Driver/Src/stm32f7xx_hal_spi_ex.o
LOAD Drivers/STM32F7xx_HAL_Driver/Src/stm32f7xx_hal_tim.o
LOAD Drivers/STM32F7xx_HAL_Driver/Src/stm32f7xx_hal_tim_ex.o
LOAD Drivers/STM32F7xx_HAL_Driver/Src/stm32f7xx_hal_uart.o
LOAD Drivers/STM32F7xx_HAL_Driver/Src/stm32f7xx_hal_uart_ex.o
LOAD Src/auto_pass.o
LOAD Src/autoctrl.o
LOAD Src/brushless.o
LOAD Src/controller.o
LOAD Src/encoder.o
LOAD Src/main.o
LOAD Src/microswitch.o
LOAD Src/motor.o
LOAD Src/robotstate.o
LOAD Src/servomotor.o
LOAD Src/stm32f7xx_hal_msp.o
LOAD Src/stm32f7xx_it.o
LOAD Src/syscalls.o
LOAD Src/system_stm32f7xx.o
LOAD startup/startup_stm32f767xx.o
LOAD c:/ac6/systemworkbench/plugins/fr.ac6.mcu.externaltools.arm-none.win32_1.16.0.201807130628/tools/compiler/bin/../lib/gcc/arm-none-eabi/7.2.1/../../../../arm-none-eabi/lib/thumb/v7e-m/fpv5/hard\libm.a
START GROUP
LOAD c:/ac6/systemworkbench/plugins/fr.ac6.mcu.externaltools.arm-none.win32_1.16.0.201807130628/tools/compiler/bin/../lib/gcc/arm-none-eabi/7.2.1/thumb/v7e-m/fpv5/hard\libgcc.a
LOAD c:/ac6/systemworkbench/plugins/fr.ac6.mcu.externaltools.arm-none.win32_1.16.0.201807130628/tools/compiler/bin/../lib/gcc/arm-none-eabi/7.2.1/../../../../arm-none-eabi/lib/thumb/v7e-m/fpv5/hard\libc_nano.a
END GROUP
START GROUP
LOAD c:/ac6/systemworkbench/plugins/fr.ac6.mcu.externaltools.arm-none.win32_1.16.0.201807130628/tools/compiler/bin/../lib/gcc/arm-none-eabi/7.2.1/thumb/v7e-m/fpv5/hard\libgcc.a
LOAD c:/ac6/systemworkbench/plugins/fr.ac6.mcu.externaltools.arm-none.win32_1.16.0.201807130628/tools/compiler/bin/../lib/gcc/arm-none-eabi/7.2.1/../../../../arm-none-eabi/lib/thumb/v7e-m/fpv5/hard\libc_nano.a
LOAD c:/ac6/systemworkbench/plugins/fr.ac6.mcu.externaltools.arm-none.win32_1.16.0.201807130628/tools/compiler/bin/../lib/gcc/arm-none-eabi/7.2.1/../../../../arm-none-eabi/lib/thumb/v7e-m/fpv5/hard\libnosys.a
END GROUP
START GROUP
LOAD c:/ac6/systemworkbench/plugins/fr.ac6.mcu.externaltools.arm-none.win32_1.16.0.201807130628/tools/compiler/bin/../lib/gcc/arm-none-eabi/7.2.1/thumb/v7e-m/fpv5/hard\libgcc.a
LOAD c:/ac6/systemworkbench/plugins/fr.ac6.mcu.externaltools.arm-none.win32_1.16.0.201807130628/tools/compiler/bin/../lib/gcc/arm-none-eabi/7.2.1/../../../../arm-none-eabi/lib/thumb/v7e-m/fpv5/hard\libc_nano.a
LOAD c:/ac6/systemworkbench/plugins/fr.ac6.mcu.externaltools.arm-none.win32_1.16.0.201807130628/tools/compiler/bin/../lib/gcc/arm-none-eabi/7.2.1/../../../../arm-none-eabi/lib/thumb/v7e-m/fpv5/hard\libnosys.a
END GROUP
LOAD c:/ac6/systemworkbench/plugins/fr.ac6.mcu.externaltools.arm-none.win32_1.16.0.201807130628/tools/compiler/bin/../lib/gcc/arm-none-eabi/7.2.1/thumb/v7e-m/fpv5/hard/crtend.o
LOAD c:/ac6/systemworkbench/plugins/fr.ac6.mcu.externaltools.arm-none.win32_1.16.0.201807130628/tools/compiler/bin/../lib/gcc/arm-none-eabi/7.2.1/thumb/v7e-m/fpv5/hard/crtn.o
                0x20080000                _estack = 0x20080000
                0x00000200                _Min_Heap_Size = 0x200
                0x00000400                _Min_Stack_Size = 0x400

.isr_vector     0x08000000      0x1f8
                0x08000000                . = ALIGN (0x4)
 *(.isr_vector)
 .isr_vector    0x08000000      0x1f8 startup/startup_stm32f767xx.o
                0x08000000                g_pfnVectors
                0x080001f8                . = ALIGN (0x4)

.text           0x08000200     0x81bc
                0x08000200                . = ALIGN (0x4)
 *(.text)
 .text          0x08000200       0x40 c:/ac6/systemworkbench/plugins/fr.ac6.mcu.externaltools.arm-none.win32_1.16.0.201807130628/tools/compiler/bin/../lib/gcc/arm-none-eabi/7.2.1/thumb/v7e-m/fpv5/hard/crtbegin.o
 .text          0x08000240       0x30 c:/ac6/systemworkbench/plugins/fr.ac6.mcu.externaltools.arm-none.win32_1.16.0.201807130628/tools/compiler/bin/../lib/gcc/arm-none-eabi/7.2.1/thumb/v7e-m/fpv5/hard\libgcc.a(_aeabi_uldivmod.o)
                0x08000240                __aeabi_uldivmod
 .text          0x08000270      0x2cc c:/ac6/systemworkbench/plugins/fr.ac6.mcu.externaltools.arm-none.win32_1.16.0.201807130628/tools/compiler/bin/../lib/gcc/arm-none-eabi/7.2.1/thumb/v7e-m/fpv5/hard\libgcc.a(_udivmoddi4.o)
                0x08000270                __udivmoddi4
 .text          0x0800053c        0x4 c:/ac6/systemworkbench/plugins/fr.ac6.mcu.externaltools.arm-none.win32_1.16.0.201807130628/tools/compiler/bin/../lib/gcc/arm-none-eabi/7.2.1/thumb/v7e-m/fpv5/hard\libgcc.a(_dvmd_tls.o)
                0x0800053c                __aeabi_idiv0
                0x0800053c                __aeabi_ldiv0
 .text          0x08000540       0x10 c:/ac6/systemworkbench/plugins/fr.ac6.mcu.externaltools.arm-none.win32_1.16.0.201807130628/tools/compiler/bin/../lib/gcc/arm-none-eabi/7.2.1/../../../../arm-none-eabi/lib/thumb/v7e-m/fpv5/hard\libc_nano.a(lib_a-strlen.o)
                0x08000540                strlen
 .text          0x08000550       0xa0 c:/ac6/systemworkbench/plugins/fr.ac6.mcu.externaltools.arm-none.win32_1.16.0.201807130628/tools/compiler/bin/../lib/gcc/arm-none-eabi/7.2.1/../../../../arm-none-eabi/lib/thumb/v7e-m/fpv5/hard\libc_nano.a(lib_a-memchr.o)
                0x08000550                memchr
 *(.text*)
 .text.HAL_InitTick
                0x080005f0       0x48 Drivers/STM32F7xx_HAL_Driver/Src/stm32f7xx_hal.o
                0x080005f0                HAL_InitTick
 .text.HAL_Init
                0x08000638       0x16 Drivers/STM32F7xx_HAL_Driver/Src/stm32f7xx_hal.o
                0x08000638                HAL_Init
 *fill*         0x0800064e        0x2 
 .text.HAL_IncTick
                0x08000650       0x18 Drivers/STM32F7xx_HAL_Driver/Src/stm32f7xx_hal.o
                0x08000650                HAL_IncTick
 .text.HAL_GetTick
                0x08000668        0xc Drivers/STM32F7xx_HAL_Driver/Src/stm32f7xx_hal.o
                0x08000668                HAL_GetTick
 .text.HAL_Delay
                0x08000674       0x28 Drivers/STM32F7xx_HAL_Driver/Src/stm32f7xx_hal.o
                0x08000674                HAL_Delay
 .text.HAL_NVIC_SetPriorityGrouping
                0x0800069c       0x24 Drivers/STM32F7xx_HAL_Driver/Src/stm32f7xx_hal_cortex.o
                0x0800069c                HAL_NVIC_SetPriorityGrouping
 .text.HAL_NVIC_SetPriority
                0x080006c0       0x64 Drivers/STM32F7xx_HAL_Driver/Src/stm32f7xx_hal_cortex.o
                0x080006c0                HAL_NVIC_SetPriority
 .text.HAL_NVIC_EnableIRQ
                0x08000724       0x1c Drivers/STM32F7xx_HAL_Driver/Src/stm32f7xx_hal_cortex.o
                0x08000724                HAL_NVIC_EnableIRQ
 .text.HAL_SYSTICK_Config
                0x08000740       0x2c Drivers/STM32F7xx_HAL_Driver/Src/stm32f7xx_hal_cortex.o
                0x08000740                HAL_SYSTICK_Config
 .text.ETH_MACAddressConfig
                0x0800076c       0x30 Drivers/STM32F7xx_HAL_Driver/Src/stm32f7xx_hal_eth.o
 .text.ETH_MACDMAConfig
                0x0800079c      0x118 Drivers/STM32F7xx_HAL_Driver/Src/stm32f7xx_hal_eth.o
 .text.HAL_ETH_ReadPHYRegister
                0x080008b4       0x78 Drivers/STM32F7xx_HAL_Driver/Src/stm32f7xx_hal_eth.o
                0x080008b4                HAL_ETH_ReadPHYRegister
 .text.HAL_ETH_WritePHYRegister
                0x0800092c       0x74 Drivers/STM32F7xx_HAL_Driver/Src/stm32f7xx_hal_eth.o
                0x0800092c                HAL_ETH_WritePHYRegister
 .text.HAL_ETH_Init
                0x080009a0      0x254 Drivers/STM32F7xx_HAL_Driver/Src/stm32f7xx_hal_eth.o
                0x080009a0                HAL_ETH_Init
 .text.HAL_GPIO_Init
                0x08000bf4      0x1e0 Drivers/STM32F7xx_HAL_Driver/Src/stm32f7xx_hal_gpio.o
                0x08000bf4                HAL_GPIO_Init
 .text.HAL_GPIO_ReadPin
                0x08000dd4        0xe Drivers/STM32F7xx_HAL_Driver/Src/stm32f7xx_hal_gpio.o
                0x08000dd4                HAL_GPIO_ReadPin
 .text.HAL_GPIO_WritePin
                0x08000de2        0xc Drivers/STM32F7xx_HAL_Driver/Src/stm32f7xx_hal_gpio.o
                0x08000de2                HAL_GPIO_WritePin
 *fill*         0x08000dee        0x2 
 .text.HAL_PWR_EnableBkUpAccess
                0x08000df0       0x10 Drivers/STM32F7xx_HAL_Driver/Src/stm32f7xx_hal_pwr.o
                0x08000df0                HAL_PWR_EnableBkUpAccess
 .text.HAL_PWREx_EnableOverDrive
                0x08000e00       0x7c Drivers/STM32F7xx_HAL_Driver/Src/stm32f7xx_hal_pwr_ex.o
                0x08000e00                HAL_PWREx_EnableOverDrive
 .text.HAL_RCC_OscConfig
                0x08000e7c      0x3d4 Drivers/STM32F7xx_HAL_Driver/Src/stm32f7xx_hal_rcc.o
                0x08000e7c                HAL_RCC_OscConfig
 .text.HAL_RCC_GetSysClockFreq
                0x08001250       0xd8 Drivers/STM32F7xx_HAL_Driver/Src/stm32f7xx_hal_rcc.o
                0x08001250                HAL_RCC_GetSysClockFreq
 .text.HAL_RCC_ClockConfig
                0x08001328      0x164 Drivers/STM32F7xx_HAL_Driver/Src/stm32f7xx_hal_rcc.o
                0x08001328                HAL_RCC_ClockConfig
 .text.HAL_RCC_GetHCLKFreq
                0x0800148c        0xc Drivers/STM32F7xx_HAL_Driver/Src/stm32f7xx_hal_rcc.o
                0x0800148c                HAL_RCC_GetHCLKFreq
 .text.HAL_RCC_GetPCLK1Freq
                0x08001498       0x20 Drivers/STM32F7xx_HAL_Driver/Src/stm32f7xx_hal_rcc.o
                0x08001498                HAL_RCC_GetPCLK1Freq
 .text.HAL_RCC_GetPCLK2Freq
                0x080014b8       0x20 Drivers/STM32F7xx_HAL_Driver/Src/stm32f7xx_hal_rcc.o
                0x080014b8                HAL_RCC_GetPCLK2Freq
 .text.HAL_RCCEx_PeriphCLKConfig
                0x080014d8      0x604 Drivers/STM32F7xx_HAL_Driver/Src/stm32f7xx_hal_rcc_ex.o
                0x080014d8                HAL_RCCEx_PeriphCLKConfig
 .text.SPI_WaitFlagStateUntilTimeout
                0x08001adc       0x90 Drivers/STM32F7xx_HAL_Driver/Src/stm32f7xx_hal_spi.o
 .text.SPI_WaitFifoStateUntilTimeout
                0x08001b6c       0x98 Drivers/STM32F7xx_HAL_Driver/Src/stm32f7xx_hal_spi.o
 .text.SPI_EndRxTxTransaction
                0x08001c04       0x66 Drivers/STM32F7xx_HAL_Driver/Src/stm32f7xx_hal_spi.o
 .text.HAL_SPI_Init
                0x08001c6a       0xba Drivers/STM32F7xx_HAL_Driver/Src/stm32f7xx_hal_spi.o
                0x08001c6a                HAL_SPI_Init
 .text.HAL_SPI_TransmitReceive
                0x08001d24      0x2d0 Drivers/STM32F7xx_HAL_Driver/Src/stm32f7xx_hal_spi.o
                0x08001d24                HAL_SPI_TransmitReceive
 .text.TIM_OC1_SetConfig
                0x08001ff4       0x68 Drivers/STM32F7xx_HAL_Driver/Src/stm32f7xx_hal_tim.o
 .text.TIM_OC3_SetConfig
                0x0800205c       0x70 Drivers/STM32F7xx_HAL_Driver/Src/stm32f7xx_hal_tim.o
 .text.TIM_OC4_SetConfig
                0x080020cc       0x54 Drivers/STM32F7xx_HAL_Driver/Src/stm32f7xx_hal_tim.o
 .text.TIM_OC5_SetConfig
                0x08002120       0x54 Drivers/STM32F7xx_HAL_Driver/Src/stm32f7xx_hal_tim.o
 .text.TIM_OC6_SetConfig
                0x08002174       0x54 Drivers/STM32F7xx_HAL_Driver/Src/stm32f7xx_hal_tim.o
 .text.HAL_TIM_Base_Start_IT
                0x080021c8       0x2c Drivers/STM32F7xx_HAL_Driver/Src/stm32f7xx_hal_tim.o
                0x080021c8                HAL_TIM_Base_Start_IT
 .text.HAL_TIM_OC_MspInit
                0x080021f4        0x2 Drivers/STM32F7xx_HAL_Driver/Src/stm32f7xx_hal_tim.o
                0x080021f4                HAL_TIM_OC_MspInit
 .text.HAL_TIM_OC_DelayElapsedCallback
                0x080021f6        0x2 Drivers/STM32F7xx_HAL_Driver/Src/stm32f7xx_hal_tim.o
                0x080021f6                HAL_TIM_OC_DelayElapsedCallback
 .text.HAL_TIM_IC_CaptureCallback
                0x080021f8        0x2 Drivers/STM32F7xx_HAL_Driver/Src/stm32f7xx_hal_tim.o
                0x080021f8                HAL_TIM_IC_CaptureCallback
 .text.HAL_TIM_PWM_PulseFinishedCallback
                0x080021fa        0x2 Drivers/STM32F7xx_HAL_Driver/Src/stm32f7xx_hal_tim.o
                0x080021fa                HAL_TIM_PWM_PulseFinishedCallback
 .text.HAL_TIM_TriggerCallback
                0x080021fc        0x2 Drivers/STM32F7xx_HAL_Driver/Src/stm32f7xx_hal_tim.o
                0x080021fc                HAL_TIM_TriggerCallback
 .text.HAL_TIM_IRQHandler
                0x080021fe      0x19a Drivers/STM32F7xx_HAL_Driver/Src/stm32f7xx_hal_tim.o
                0x080021fe                HAL_TIM_IRQHandler
 .text.TIM_Base_SetConfig
                0x08002398      0x10c Drivers/STM32F7xx_HAL_Driver/Src/stm32f7xx_hal_tim.o
                0x08002398                TIM_Base_SetConfig
 .text.HAL_TIM_Base_Init
                0x080024a4       0x32 Drivers/STM32F7xx_HAL_Driver/Src/stm32f7xx_hal_tim.o
                0x080024a4                HAL_TIM_Base_Init
 .text.HAL_TIM_OC_Init
                0x080024d6       0x32 Drivers/STM32F7xx_HAL_Driver/Src/stm32f7xx_hal_tim.o
                0x080024d6                HAL_TIM_OC_Init
 .text.HAL_TIM_PWM_Init
                0x08002508       0x32 Drivers/STM32F7xx_HAL_Driver/Src/stm32f7xx_hal_tim.o
                0x08002508                HAL_TIM_PWM_Init
 *fill*         0x0800253a        0x2 
 .text.HAL_TIM_Encoder_Init
                0x0800253c       0x9c Drivers/STM32F7xx_HAL_Driver/Src/stm32f7xx_hal_tim.o
                0x0800253c                HAL_TIM_Encoder_Init
 .text.TIM_OC2_SetConfig
                0x080025d8       0x70 Drivers/STM32F7xx_HAL_Driver/Src/stm32f7xx_hal_tim.o
                0x080025d8                TIM_OC2_SetConfig
 .text.HAL_TIM_OC_ConfigChannel
                0x08002648       0x76 Drivers/STM32F7xx_HAL_Driver/Src/stm32f7xx_hal_tim.o
                0x08002648                HAL_TIM_OC_ConfigChannel
 .text.HAL_TIM_PWM_ConfigChannel
                0x080026be      0x134 Drivers/STM32F7xx_HAL_Driver/Src/stm32f7xx_hal_tim.o
                0x080026be                HAL_TIM_PWM_ConfigChannel
 .text.TIM_CCxChannelCmd
                0x080027f2       0x22 Drivers/STM32F7xx_HAL_Driver/Src/stm32f7xx_hal_tim.o
                0x080027f2                TIM_CCxChannelCmd
 .text.HAL_TIM_PWM_Start
                0x08002814       0x4c Drivers/STM32F7xx_HAL_Driver/Src/stm32f7xx_hal_tim.o
                0x08002814                HAL_TIM_PWM_Start
 .text.HAL_TIM_Encoder_Start
                0x08002860       0x44 Drivers/STM32F7xx_HAL_Driver/Src/stm32f7xx_hal_tim.o
                0x08002860                HAL_TIM_Encoder_Start
 .text.HAL_TIMEx_MasterConfigSynchronization
                0x080028a4       0x64 Drivers/STM32F7xx_HAL_Driver/Src/stm32f7xx_hal_tim_ex.o
                0x080028a4                HAL_TIMEx_MasterConfigSynchronization
 .text.HAL_TIMEx_ConfigBreakDeadTime
                0x08002908       0x90 Drivers/STM32F7xx_HAL_Driver/Src/stm32f7xx_hal_tim_ex.o
                0x08002908                HAL_TIMEx_ConfigBreakDeadTime
 .text.HAL_TIMEx_CommutCallback
                0x08002998        0x2 Drivers/STM32F7xx_HAL_Driver/Src/stm32f7xx_hal_tim_ex.o
                0x08002998                HAL_TIMEx_CommutCallback
 .text.HAL_TIMEx_BreakCallback
                0x0800299a        0x2 Drivers/STM32F7xx_HAL_Driver/Src/stm32f7xx_hal_tim_ex.o
                0x0800299a                HAL_TIMEx_BreakCallback
 .text.HAL_TIMEx_Break2Callback
                0x0800299c        0x2 Drivers/STM32F7xx_HAL_Driver/Src/stm32f7xx_hal_tim_ex.o
                0x0800299c                HAL_TIMEx_Break2Callback
 *fill*         0x0800299e        0x2 
 .text.UART_SetConfig
                0x080029a0      0x370 Drivers/STM32F7xx_HAL_Driver/Src/stm32f7xx_hal_uart.o
                0x080029a0                UART_SetConfig
 .text.UART_AdvFeatureConfig
                0x08002d10       0xca Drivers/STM32F7xx_HAL_Driver/Src/stm32f7xx_hal_uart.o
                0x08002d10                UART_AdvFeatureConfig
 .text.UART_WaitOnFlagUntilTimeout
                0x08002dda       0x60 Drivers/STM32F7xx_HAL_Driver/Src/stm32f7xx_hal_uart.o
                0x08002dda                UART_WaitOnFlagUntilTimeout
 .text.HAL_UART_Transmit
                0x08002e3a       0xdc Drivers/STM32F7xx_HAL_Driver/Src/stm32f7xx_hal_uart.o
                0x08002e3a                HAL_UART_Transmit
 .text.UART_CheckIdleState
                0x08002f16       0x44 Drivers/STM32F7xx_HAL_Driver/Src/stm32f7xx_hal_uart.o
                0x08002f16                UART_CheckIdleState
 .text.HAL_UART_Init
                0x08002f5a       0x62 Drivers/STM32F7xx_HAL_Driver/Src/stm32f7xx_hal_uart.o
                0x08002f5a                HAL_UART_Init
 .text.Auto_Set
                0x08002fbc      0x3f0 Src/auto_pass.o
                0x08002fbc                Auto_Set
 .text.Auto_SetPosBOX
                0x080033ac      0x138 Src/auto_pass.o
                0x080033ac                Auto_SetPosBOX
 .text.Auto_SetPosWork
                0x080034e4      0x1c8 Src/auto_pass.o
                0x080034e4                Auto_SetPosWork
 .text.Auto_SetEscape
                0x080036ac       0xd4 Src/auto_pass.o
                0x080036ac                Auto_SetEscape
 .text.Auto_SetCenter
                0x08003780       0xc0 Src/auto_pass.o
                0x08003780                Auto_SetCenter
 .text.Auto_SetCorner
                0x08003840      0x328 Src/auto_pass.o
                0x08003840                Auto_SetCorner
 .text.Rec2Cyl  0x08003b68       0x88 Src/autoctrl.o
                0x08003b68                Rec2Cyl
 .text.Cyl2Rec  0x08003bf0       0x56 Src/autoctrl.o
                0x08003bf0                Cyl2Rec
 *fill*         0x08003c46        0x2 
 .text.BrushLessEnable
                0x08003c48       0x34 Src/brushless.o
                0x08003c48                BrushLessEnable
 .text.BrushLessSet
                0x08003c7c       0x1c Src/brushless.o
                0x08003c7c                BrushLessSet
 .text.NormalizeStick
                0x08003c98       0x34 Src/controller.o
 .text.PSControllerWait
                0x08003ccc       0x18 Src/controller.o
 .text.PSControllerSelect
                0x08003ce4       0x14 Src/controller.o
 .text.PSControllerDeselect
                0x08003cf8       0x14 Src/controller.o
 *fill*         0x08003d0c        0x4 
 .text.PSControllerGetData
                0x08003d10      0x340 Src/controller.o
                0x08003d10                PSControllerGetData
 .text.filter   0x08004050       0x58 Src/controller.o
                0x08004050                filter
 .text.EncGetCountDiff
                0x080040a8       0x30 Src/encoder.o
                0x080040a8                EncGetCountDiff
 .text.GetPosCyl
                0x080040d8      0x108 Src/encoder.o
                0x080040d8                GetPosCyl
 .text.EncEnable
                0x080041e0       0x44 Src/encoder.o
                0x080041e0                EncEnable
 .text.MX_GPIO_Init
                0x08004224      0x22c Src/main.o
 .text.MX_ETH_Init
                0x08004450       0x50 Src/main.o
 .text.MX_SPI3_Init
                0x080044a0       0x48 Src/main.o
 .text.MX_TIM1_Init
                0x080044e8       0xc8 Src/main.o
 .text.MX_TIM8_Init
                0x080045b0       0xc0 Src/main.o
 .text.MX_TIM9_Init
                0x08004670       0x58 Src/main.o
 .text.MX_TIM2_Init
                0x080046c8       0x50 Src/main.o
 .text.MX_TIM3_Init
                0x08004718       0x54 Src/main.o
 .text.MX_TIM4_Init
                0x0800476c       0x54 Src/main.o
 .text.MX_TIM6_Init
                0x080047c0       0x40 Src/main.o
 .text.MX_TIM10_Init
                0x08004800       0x5c Src/main.o
 .text.MX_TIM11_Init
                0x0800485c       0x5c Src/main.o
 .text.MX_TIM13_Init
                0x080048b8       0x5c Src/main.o
 .text.MX_USART1_UART_Init
                0x08004914       0x30 Src/main.o
 .text.MX_USART3_UART_Init
                0x08004944       0x30 Src/main.o
 *fill*         0x08004974        0x4 
 .text.HAL_TIM_PeriodElapsedCallback
                0x08004978      0x588 Src/main.o
                0x08004978                HAL_TIM_PeriodElapsedCallback
 .text.SystemClock_Config
                0x08004f00       0xb4 Src/main.o
                0x08004f00                SystemClock_Config
 *fill*         0x08004fb4        0x4 
 .text.main     0x08004fb8      0x2cc Src/main.o
                0x08004fb8                main
 .text.MicroSwitchIsOn
                0x08005284       0xe4 Src/microswitch.o
                0x08005284                MicroSwitchIsOn
 .text.CoordinateSetDirection
                0x08005368      0x230 Src/motor.o
                0x08005368                CoordinateSetDirection
 .text.CoordinateSetDuty
                0x08005598      0x20c Src/motor.o
                0x08005598                CoordinateSetDuty
 .text.CoordinateSetPosPID
                0x080057a4      0x154 Src/motor.o
                0x080057a4                CoordinateSetPosPID
 .text.CoordinateSetPosRTZ
                0x080058f8      0x130 Src/motor.o
                0x080058f8                CoordinateSetPosRTZ
 .text.CoordinateSetPosXYZ
                0x08005a28       0xa0 Src/motor.o
                0x08005a28                CoordinateSetPosXYZ
 .text.CoordinateEnable
                0x08005ac8       0x38 Src/motor.o
                0x08005ac8                CoordinateEnable
 .text.ResetPos
                0x08005b00       0xc0 Src/robotstate.o
                0x08005b00                ResetPos
 .text.map      0x08005bc0       0x1a Src/servomotor.o
                0x08005bc0                map
 *fill*         0x08005bda        0x2 
 .text.ServoSetAngle
                0x08005bdc       0xd0 Src/servomotor.o
                0x08005bdc                ServoSetAngle
 .text.ServoEnable
                0x08005cac       0x58 Src/servomotor.o
                0x08005cac                ServoEnable
 .text.HAL_MspInit
                0x08005d04       0x30 Src/stm32f7xx_hal_msp.o
                0x08005d04                HAL_MspInit
 .text.HAL_ETH_MspInit
                0x08005d34      0x110 Src/stm32f7xx_hal_msp.o
                0x08005d34                HAL_ETH_MspInit
 .text.HAL_SPI_MspInit
                0x08005e44       0x6c Src/stm32f7xx_hal_msp.o
                0x08005e44                HAL_SPI_MspInit
 .text.HAL_TIM_PWM_MspInit
                0x08005eb0       0x6c Src/stm32f7xx_hal_msp.o
                0x08005eb0                HAL_TIM_PWM_MspInit
 .text.HAL_TIM_Encoder_MspInit
                0x08005f1c      0x11c Src/stm32f7xx_hal_msp.o
                0x08005f1c                HAL_TIM_Encoder_MspInit
 .text.HAL_TIM_Base_MspInit
                0x08006038       0xa0 Src/stm32f7xx_hal_msp.o
                0x08006038                HAL_TIM_Base_MspInit
 .text.HAL_TIM_MspPostInit
                0x080060d8      0x168 Src/stm32f7xx_hal_msp.o
                0x080060d8                HAL_TIM_MspPostInit
 .text.HAL_UART_MspInit
                0x08006240       0xbc Src/stm32f7xx_hal_msp.o
                0x08006240                HAL_UART_MspInit
 .text.NMI_Handler
                0x080062fc        0x2 Src/stm32f7xx_it.o
                0x080062fc                NMI_Handler
 .text.HardFault_Handler
                0x080062fe        0x2 Src/stm32f7xx_it.o
                0x080062fe                HardFault_Handler
 .text.MemManage_Handler
                0x08006300        0x2 Src/stm32f7xx_it.o
                0x08006300                MemManage_Handler
 .text.BusFault_Handler
                0x08006302        0x2 Src/stm32f7xx_it.o
                0x08006302                BusFault_Handler
 .text.UsageFault_Handler
                0x08006304        0x2 Src/stm32f7xx_it.o
                0x08006304                UsageFault_Handler
 .text.SVC_Handler
                0x08006306        0x2 Src/stm32f7xx_it.o
                0x08006306                SVC_Handler
 .text.DebugMon_Handler
                0x08006308        0x2 Src/stm32f7xx_it.o
                0x08006308                DebugMon_Handler
 .text.PendSV_Handler
                0x0800630a        0x2 Src/stm32f7xx_it.o
                0x0800630a                PendSV_Handler
 .text.SysTick_Handler
                0x0800630c        0x8 Src/stm32f7xx_it.o
                0x0800630c                SysTick_Handler
 .text.TIM6_DAC_IRQHandler
                0x08006314       0x10 Src/stm32f7xx_it.o
                0x08006314                TIM6_DAC_IRQHandler
 .text._sbrk    0x08006324       0x3c Src/syscalls.o
                0x08006324                _sbrk
 .text.SystemInit
                0x08006360       0x50 Src/system_stm32f7xx.o
                0x08006360                SystemInit
 .text.Reset_Handler
                0x080063b0       0x50 startup/startup_stm32f767xx.o
                0x080063b0                Reset_Handler
 .text.Default_Handler
                0x08006400        0x2 startup/startup_stm32f767xx.o
                0x08006400                RTC_Alarm_IRQHandler
                0x08006400                EXTI2_IRQHandler
                0x08006400                TIM8_CC_IRQHandler
                0x08006400                UART8_IRQHandler
                0x08006400                SPI4_IRQHandler
                0x08006400                TIM1_CC_IRQHandler
                0x08006400                DMA2_Stream5_IRQHandler
                0x08006400                JPEG_IRQHandler
                0x08006400                DMA1_Stream5_IRQHandler
                0x08006400                CAN3_RX1_IRQHandler
                0x08006400                PVD_IRQHandler
                0x08006400                TAMP_STAMP_IRQHandler
                0x08006400                CAN2_RX1_IRQHandler
                0x08006400                EXTI3_IRQHandler
                0x08006400                TIM8_TRG_COM_TIM14_IRQHandler
                0x08006400                DFSDM1_FLT1_IRQHandler
                0x08006400                TIM1_UP_TIM10_IRQHandler
                0x08006400                TIM8_UP_TIM13_IRQHandler
                0x08006400                I2C3_ER_IRQHandler
                0x08006400                DFSDM1_FLT2_IRQHandler
                0x08006400                EXTI0_IRQHandler
                0x08006400                I2C2_EV_IRQHandler
                0x08006400                DMA1_Stream2_IRQHandler
                0x08006400                CAN1_RX0_IRQHandler
                0x08006400                FPU_IRQHandler
                0x08006400                OTG_HS_WKUP_IRQHandler
                0x08006400                CAN3_SCE_IRQHandler
                0x08006400                LTDC_ER_IRQHandler
                0x08006400                CAN2_SCE_IRQHandler
                0x08006400                DMA2_Stream2_IRQHandler
                0x08006400                SPI1_IRQHandler
                0x08006400                TIM1_BRK_TIM9_IRQHandler
                0x08006400                DCMI_IRQHandler
                0x08006400                CAN2_RX0_IRQHandler
                0x08006400                DMA2_Stream3_IRQHandler
                0x08006400                SAI2_IRQHandler
                0x08006400                DFSDM1_FLT3_IRQHandler
                0x08006400                USART6_IRQHandler
                0x08006400                CAN3_RX0_IRQHandler
                0x08006400                USART3_IRQHandler
                0x08006400                CAN1_RX1_IRQHandler
                0x08006400                UART5_IRQHandler
                0x08006400                DMA2_Stream0_IRQHandler
                0x08006400                TIM4_IRQHandler
                0x08006400                QUADSPI_IRQHandler
                0x08006400                I2C1_EV_IRQHandler
                0x08006400                DMA1_Stream6_IRQHandler
                0x08006400                DMA1_Stream1_IRQHandler
                0x08006400                UART4_IRQHandler
                0x08006400                TIM3_IRQHandler
                0x08006400                RCC_IRQHandler
                0x08006400                TIM8_BRK_TIM12_IRQHandler
                0x08006400                Default_Handler
                0x08006400                CEC_IRQHandler
                0x08006400                EXTI15_10_IRQHandler
                0x08006400                ADC_IRQHandler
                0x08006400                DMA1_Stream7_IRQHandler
                0x08006400                SPI5_IRQHandler
                0x08006400                TIM7_IRQHandler
                0x08006400                SDMMC1_IRQHandler
                0x08006400                CAN2_TX_IRQHandler
                0x08006400                TIM5_IRQHandler
                0x08006400                DMA2_Stream7_IRQHandler
                0x08006400                I2C3_EV_IRQHandler
                0x08006400                EXTI9_5_IRQHandler
                0x08006400                RTC_WKUP_IRQHandler
                0x08006400                LTDC_IRQHandler
                0x08006400                ETH_WKUP_IRQHandler
                0x08006400                SPDIF_RX_IRQHandler
                0x08006400                SPI2_IRQHandler
                0x08006400                OTG_HS_EP1_IN_IRQHandler
                0x08006400                DMA1_Stream0_IRQHandler
                0x08006400                CAN1_TX_IRQHandler
                0x08006400                EXTI4_IRQHandler
                0x08006400                RNG_IRQHandler
                0x08006400                ETH_IRQHandler
                0x08006400                OTG_HS_EP1_OUT_IRQHandler
                0x08006400                WWDG_IRQHandler
                0x08006400                SPI6_IRQHandler
                0x08006400                MDIOS_IRQHandler
                0x08006400                I2C4_EV_IRQHandler
                0x08006400                CAN3_TX_IRQHandler
                0x08006400                TIM2_IRQHandler
                0x08006400                OTG_FS_WKUP_IRQHandler
                0x08006400                TIM1_TRG_COM_TIM11_IRQHandler
                0x08006400                OTG_HS_IRQHandler
                0x08006400                DMA2D_IRQHandler
                0x08006400                EXTI1_IRQHandler
                0x08006400                SDMMC2_IRQHandler
                0x08006400                UART7_IRQHandler
                0x08006400                USART2_IRQHandler
                0x08006400                DFSDM1_FLT0_IRQHandler
                0x08006400                I2C2_ER_IRQHandler
                0x08006400                DMA2_Stream1_IRQHandler
                0x08006400                CAN1_SCE_IRQHandler
                0x08006400                FLASH_IRQHandler
                0x08006400                DMA2_Stream4_IRQHandler
                0x08006400                USART1_IRQHandler
                0x08006400                OTG_FS_IRQHandler
                0x08006400                SPI3_IRQHandler
                0x08006400                DMA1_Stream4_IRQHandler
                0x08006400                I2C1_ER_IRQHandler
                0x08006400                FMC_IRQHandler
                0x08006400                LPTIM1_IRQHandler
                0x08006400                I2C4_ER_IRQHandler
                0x08006400                DMA2_Stream6_IRQHandler
                0x08006400                SAI1_IRQHandler
                0x08006400                DMA1_Stream3_IRQHandler
 *fill*         0x08006402        0x2 
 .text.cosf     0x08006404       0x90 c:/ac6/systemworkbench/plugins/fr.ac6.mcu.externaltools.arm-none.win32_1.16.0.201807130628/tools/compiler/bin/../lib/gcc/arm-none-eabi/7.2.1/../../../../arm-none-eabi/lib/thumb/v7e-m/fpv5/hard\libm.a(lib_a-sf_cos.o)
                0x08006404                cosf
 *fill*         0x08006494        0x4 
 .text.powf     0x08006498      0x2e4 c:/ac6/systemworkbench/plugins/fr.ac6.mcu.externaltools.arm-none.win32_1.16.0.201807130628/tools/compiler/bin/../lib/gcc/arm-none-eabi/7.2.1/../../../../arm-none-eabi/lib/thumb/v7e-m/fpv5/hard\libm.a(lib_a-sf_pow.o)
                0x08006498                powf
 .text.sinf     0x0800677c       0x94 c:/ac6/systemworkbench/plugins/fr.ac6.mcu.externaltools.arm-none.win32_1.16.0.201807130628/tools/compiler/bin/../lib/gcc/arm-none-eabi/7.2.1/../../../../arm-none-eabi/lib/thumb/v7e-m/fpv5/hard\libm.a(lib_a-sf_sin.o)
                0x0800677c                sinf
 .text.asinf    0x08006810       0xa8 c:/ac6/systemworkbench/plugins/fr.ac6.mcu.externaltools.arm-none.win32_1.16.0.201807130628/tools/compiler/bin/../lib/gcc/arm-none-eabi/7.2.1/../../../../arm-none-eabi/lib/thumb/v7e-m/fpv5/hard\libm.a(lib_a-wf_asin.o)
                0x08006810                asinf
 .text.atan2f   0x080068b8        0x4 c:/ac6/systemworkbench/plugins/fr.ac6.mcu.externaltools.arm-none.win32_1.16.0.201807130628/tools/compiler/bin/../lib/gcc/arm-none-eabi/7.2.1/../../../../arm-none-eabi/lib/thumb/v7e-m/fpv5/hard\libm.a(lib_a-wf_atan2.o)
                0x080068b8                atan2f
 *fill*         0x080068bc        0x4 
 .text.sqrtf    0x080068c0       0xb0 c:/ac6/systemworkbench/plugins/fr.ac6.mcu.externaltools.arm-none.win32_1.16.0.201807130628/tools/compiler/bin/../lib/gcc/arm-none-eabi/7.2.1/../../../../arm-none-eabi/lib/thumb/v7e-m/fpv5/hard\libm.a(lib_a-wf_sqrt.o)
                0x080068c0                sqrtf
 .text.__ieee754_asinf
                0x08006970      0x1f4 c:/ac6/systemworkbench/plugins/fr.ac6.mcu.externaltools.arm-none.win32_1.16.0.201807130628/tools/compiler/bin/../lib/gcc/arm-none-eabi/7.2.1/../../../../arm-none-eabi/lib/thumb/v7e-m/fpv5/hard\libm.a(lib_a-ef_asin.o)
                0x08006970                __ieee754_asinf
 .text.__ieee754_atan2f
                0x08006b64      0x170 c:/ac6/systemworkbench/plugins/fr.ac6.mcu.externaltools.arm-none.win32_1.16.0.201807130628/tools/compiler/bin/../lib/gcc/arm-none-eabi/7.2.1/../../../../arm-none-eabi/lib/thumb/v7e-m/fpv5/hard\libm.a(lib_a-ef_atan2.o)
                0x08006b64                __ieee754_atan2f
 .text.__ieee754_rem_pio2f
                0x08006cd4      0x298 c:/ac6/systemworkbench/plugins/fr.ac6.mcu.externaltools.arm-none.win32_1.16.0.201807130628/tools/compiler/bin/../lib/gcc/arm-none-eabi/7.2.1/../../../../arm-none-eabi/lib/thumb/v7e-m/fpv5/hard\libm.a(lib_a-ef_rem_pio2.o)
                0x08006cd4                __ieee754_rem_pio2f
 .text.__ieee754_sqrtf
                0x08006f6c        0x8 c:/ac6/systemworkbench/plugins/fr.ac6.mcu.externaltools.arm-none.win32_1.16.0.201807130628/tools/compiler/bin/../lib/gcc/arm-none-eabi/7.2.1/../../../../arm-none-eabi/lib/thumb/v7e-m/fpv5/hard\libm.a(lib_a-ef_sqrt.o)
                0x08006f6c                __ieee754_sqrtf
 .text.__kernel_cosf
                0x08006f74      0x104 c:/ac6/systemworkbench/plugins/fr.ac6.mcu.externaltools.arm-none.win32_1.16.0.201807130628/tools/compiler/bin/../lib/gcc/arm-none-eabi/7.2.1/../../../../arm-none-eabi/lib/thumb/v7e-m/fpv5/hard\libm.a(lib_a-kf_cos.o)
                0x08006f74                __kernel_cosf
 .text.__kernel_rem_pio2f
                0x08007078      0x650 c:/ac6/systemworkbench/plugins/fr.ac6.mcu.externaltools.arm-none.win32_1.16.0.201807130628/tools/compiler/bin/../lib/gcc/arm-none-eabi/7.2.1/../../../../arm-none-eabi/lib/thumb/v7e-m/fpv5/hard\libm.a(lib_a-kf_rem_pio2.o)
                0x08007078                __kernel_rem_pio2f
 .text.__kernel_sinf
                0x080076c8       0x90 c:/ac6/systemworkbench/plugins/fr.ac6.mcu.externaltools.arm-none.win32_1.16.0.201807130628/tools/compiler/bin/../lib/gcc/arm-none-eabi/7.2.1/../../../../arm-none-eabi/lib/thumb/v7e-m/fpv5/hard\libm.a(lib_a-kf_sin.o)
                0x080076c8                __kernel_sinf
 .text.with_errnof
                0x08007758       0x1c c:/ac6/systemworkbench/plugins/fr.ac6.mcu.externaltools.arm-none.win32_1.16.0.201807130628/tools/compiler/bin/../lib/gcc/arm-none-eabi/7.2.1/../../../../arm-none-eabi/lib/thumb/v7e-m/fpv5/hard\libm.a(lib_a-math_errf.o)
 .text.xflowf   0x08007774       0x20 c:/ac6/systemworkbench/plugins/fr.ac6.mcu.externaltools.arm-none.win32_1.16.0.201807130628/tools/compiler/bin/../lib/gcc/arm-none-eabi/7.2.1/../../../../arm-none-eabi/lib/thumb/v7e-m/fpv5/hard\libm.a(lib_a-math_errf.o)
 .text.__math_uflowf
                0x08007794        0xc c:/ac6/systemworkbench/plugins/fr.ac6.mcu.externaltools.arm-none.win32_1.16.0.201807130628/tools/compiler/bin/../lib/gcc/arm-none-eabi/7.2.1/../../../../arm-none-eabi/lib/thumb/v7e-m/fpv5/hard\libm.a(lib_a-math_errf.o)
                0x08007794                __math_uflowf
 .text.__math_may_uflowf
                0x080077a0        0xc c:/ac6/systemworkbench/plugins/fr.ac6.mcu.externaltools.arm-none.win32_1.16.0.201807130628/tools/compiler/bin/../lib/gcc/arm-none-eabi/7.2.1/../../../../arm-none-eabi/lib/thumb/v7e-m/fpv5/hard\libm.a(lib_a-math_errf.o)
                0x080077a0                __math_may_uflowf
 .text.__math_oflowf
                0x080077ac        0xc c:/ac6/systemworkbench/plugins/fr.ac6.mcu.externaltools.arm-none.win32_1.16.0.201807130628/tools/compiler/bin/../lib/gcc/arm-none-eabi/7.2.1/../../../../arm-none-eabi/lib/thumb/v7e-m/fpv5/hard\libm.a(lib_a-math_errf.o)
                0x080077ac                __math_oflowf
 .text.__math_divzerof
                0x080077b8       0x24 c:/ac6/systemworkbench/plugins/fr.ac6.mcu.externaltools.arm-none.win32_1.16.0.201807130628/tools/compiler/bin/../lib/gcc/arm-none-eabi/7.2.1/../../../../arm-none-eabi/lib/thumb/v7e-m/fpv5/hard\libm.a(lib_a-math_errf.o)
                0x080077b8                __math_divzerof
 .text.__math_invalidf
                0x080077dc       0x20 c:/ac6/systemworkbench/plugins/fr.ac6.mcu.externaltools.arm-none.win32_1.16.0.201807130628/tools/compiler/bin/../lib/gcc/arm-none-eabi/7.2.1/../../../../arm-none-eabi/lib/thumb/v7e-m/fpv5/hard\libm.a(lib_a-math_errf.o)
                0x080077dc                __math_invalidf
 .text.matherr  0x080077fc        0x4 c:/ac6/systemworkbench/plugins/fr.ac6.mcu.externaltools.arm-none.win32_1.16.0.201807130628/tools/compiler/bin/../lib/gcc/arm-none-eabi/7.2.1/../../../../arm-none-eabi/lib/thumb/v7e-m/fpv5/hard\libm.a(lib_a-s_matherr.o)
                0x080077fc                matherr
 .text.nan      0x08007800       0x10 c:/ac6/systemworkbench/plugins/fr.ac6.mcu.externaltools.arm-none.win32_1.16.0.201807130628/tools/compiler/bin/../lib/gcc/arm-none-eabi/7.2.1/../../../../arm-none-eabi/lib/thumb/v7e-m/fpv5/hard\libm.a(lib_a-s_nan.o)
                0x08007800                nan
 .text.atanf    0x08007810      0x1a4 c:/ac6/systemworkbench/plugins/fr.ac6.mcu.externaltools.arm-none.win32_1.16.0.201807130628/tools/compiler/bin/../lib/gcc/arm-none-eabi/7.2.1/../../../../arm-none-eabi/lib/thumb/v7e-m/fpv5/hard\libm.a(lib_a-sf_atan.o)
                0x08007810                atanf
 .text.fabsf    0x080079b4       0x10 c:/ac6/systemworkbench/plugins/fr.ac6.mcu.externaltools.arm-none.win32_1.16.0.201807130628/tools/compiler/bin/../lib/gcc/arm-none-eabi/7.2.1/../../../../arm-none-eabi/lib/thumb/v7e-m/fpv5/hard\libm.a(lib_a-sf_fabs.o)
                0x080079b4                fabsf
 .text.floorf   0x080079c4       0x8c c:/ac6/systemworkbench/plugins/fr.ac6.mcu.externaltools.arm-none.win32_1.16.0.201807130628/tools/compiler/bin/../lib/gcc/arm-none-eabi/7.2.1/../../../../arm-none-eabi/lib/thumb/v7e-m/fpv5/hard\libm.a(lib_a-sf_floor.o)
                0x080079c4                floorf
 .text.scalbnf  0x08007a50       0xd0 c:/ac6/systemworkbench/plugins/fr.ac6.mcu.externaltools.arm-none.win32_1.16.0.201807130628/tools/compiler/bin/../lib/gcc/arm-none-eabi/7.2.1/../../../../arm-none-eabi/lib/thumb/v7e-m/fpv5/hard\libm.a(lib_a-sf_scalbn.o)
                0x08007a50                scalbnf
 .text.copysignf
                0x08007b20       0x18 c:/ac6/systemworkbench/plugins/fr.ac6.mcu.externaltools.arm-none.win32_1.16.0.201807130628/tools/compiler/bin/../lib/gcc/arm-none-eabi/7.2.1/../../../../arm-none-eabi/lib/thumb/v7e-m/fpv5/hard\libm.a(lib_a-sf_copysign.o)
                0x08007b20                copysignf
 .text.__errno  0x08007b38        0xc c:/ac6/systemworkbench/plugins/fr.ac6.mcu.externaltools.arm-none.win32_1.16.0.201807130628/tools/compiler/bin/../lib/gcc/arm-none-eabi/7.2.1/../../../../arm-none-eabi/lib/thumb/v7e-m/fpv5/hard\libc_nano.a(lib_a-errno.o)
                0x08007b38                __errno
 .text.__libc_init_array
                0x08007b44       0x48 c:/ac6/systemworkbench/plugins/fr.ac6.mcu.externaltools.arm-none.win32_1.16.0.201807130628/tools/compiler/bin/../lib/gcc/arm-none-eabi/7.2.1/../../../../arm-none-eabi/lib/thumb/v7e-m/fpv5/hard\libc_nano.a(lib_a-init.o)
                0x08007b44                __libc_init_array
 .text.memset   0x08007b8c       0x10 c:/ac6/systemworkbench/plugins/fr.ac6.mcu.externaltools.arm-none.win32_1.16.0.201807130628/tools/compiler/bin/../lib/gcc/arm-none-eabi/7.2.1/../../../../arm-none-eabi/lib/thumb/v7e-m/fpv5/hard\libc_nano.a(lib_a-memset.o)
                0x08007b8c                memset
 .text.sprintf  0x08007b9c       0x40 c:/ac6/systemworkbench/plugins/fr.ac6.mcu.externaltools.arm-none.win32_1.16.0.201807130628/tools/compiler/bin/../lib/gcc/arm-none-eabi/7.2.1/../../../../arm-none-eabi/lib/thumb/v7e-m/fpv5/hard\libc_nano.a(lib_a-sprintf.o)
                0x08007b9c                siprintf
                0x08007b9c                sprintf
 .text.__ssputs_r
                0x08007bdc       0xb4 c:/ac6/systemworkbench/plugins/fr.ac6.mcu.externaltools.arm-none.win32_1.16.0.201807130628/tools/compiler/bin/../lib/gcc/arm-none-eabi/7.2.1/../../../../arm-none-eabi/lib/thumb/v7e-m/fpv5/hard\libc_nano.a(lib_a-nano-svfprintf.o)
                0x08007bdc                __ssputs_r
 .text._svfprintf_r
                0x08007c90      0x1ec c:/ac6/systemworkbench/plugins/fr.ac6.mcu.externaltools.arm-none.win32_1.16.0.201807130628/tools/compiler/bin/../lib/gcc/arm-none-eabi/7.2.1/../../../../arm-none-eabi/lib/thumb/v7e-m/fpv5/hard\libc_nano.a(lib_a-nano-svfprintf.o)
                0x08007c90                _svfiprintf_r
                0x08007c90                _svfprintf_r
 .text._printf_common
                0x08007e7c       0xea c:/ac6/systemworkbench/plugins/fr.ac6.mcu.externaltools.arm-none.win32_1.16.0.201807130628/tools/compiler/bin/../lib/gcc/arm-none-eabi/7.2.1/../../../../arm-none-eabi/lib/thumb/v7e-m/fpv5/hard\libc_nano.a(lib_a-nano-vfprintf_i.o)
                0x08007e7c                _printf_common
 *fill*         0x08007f66        0x2 
 .text._printf_i
                0x08007f68      0x224 c:/ac6/systemworkbench/plugins/fr.ac6.mcu.externaltools.arm-none.win32_1.16.0.201807130628/tools/compiler/bin/../lib/gcc/arm-none-eabi/7.2.1/../../../../arm-none-eabi/lib/thumb/v7e-m/fpv5/hard\libc_nano.a(lib_a-nano-vfprintf_i.o)
                0x08007f68                _printf_i
 .text.memcpy   0x0800818c       0x16 c:/ac6/systemworkbench/plugins/fr.ac6.mcu.externaltools.arm-none.win32_1.16.0.201807130628/tools/compiler/bin/../lib/gcc/arm-none-eabi/7.2.1/../../../../arm-none-eabi/lib/thumb/v7e-m/fpv5/hard\libc_nano.a(lib_a-memcpy-stub.o)
                0x0800818c                memcpy
 .text.memmove  0x080081a2       0x32 c:/ac6/systemworkbench/plugins/fr.ac6.mcu.externaltools.arm-none.win32_1.16.0.201807130628/tools/compiler/bin/../lib/gcc/arm-none-eabi/7.2.1/../../../../arm-none-eabi/lib/thumb/v7e-m/fpv5/hard\libc_nano.a(lib_a-memmove.o)
                0x080081a2                memmove
 .text._free_r  0x080081d4       0x9c c:/ac6/systemworkbench/plugins/fr.ac6.mcu.externaltools.arm-none.win32_1.16.0.201807130628/tools/compiler/bin/../lib/gcc/arm-none-eabi/7.2.1/../../../../arm-none-eabi/lib/thumb/v7e-m/fpv5/hard\libc_nano.a(lib_a-nano-freer.o)
                0x080081d4                _free_r
 .text._malloc_r
                0x08008270       0xb4 c:/ac6/systemworkbench/plugins/fr.ac6.mcu.externaltools.arm-none.win32_1.16.0.201807130628/tools/compiler/bin/../lib/gcc/arm-none-eabi/7.2.1/../../../../arm-none-eabi/lib/thumb/v7e-m/fpv5/hard\libc_nano.a(lib_a-nano-mallocr.o)
                0x08008270                _malloc_r
 .text._realloc_r
                0x08008324       0x4c c:/ac6/systemworkbench/plugins/fr.ac6.mcu.externaltools.arm-none.win32_1.16.0.201807130628/tools/compiler/bin/../lib/gcc/arm-none-eabi/7.2.1/../../../../arm-none-eabi/lib/thumb/v7e-m/fpv5/hard\libc_nano.a(lib_a-nano-reallocr.o)
                0x08008324                _realloc_r
 .text._sbrk_r  0x08008370       0x20 c:/ac6/systemworkbench/plugins/fr.ac6.mcu.externaltools.arm-none.win32_1.16.0.201807130628/tools/compiler/bin/../lib/gcc/arm-none-eabi/7.2.1/../../../../arm-none-eabi/lib/thumb/v7e-m/fpv5/hard\libc_nano.a(lib_a-sbrkr.o)
                0x08008370                _sbrk_r
 .text.__malloc_lock
                0x08008390        0x2 c:/ac6/systemworkbench/plugins/fr.ac6.mcu.externaltools.arm-none.win32_1.16.0.201807130628/tools/compiler/bin/../lib/gcc/arm-none-eabi/7.2.1/../../../../arm-none-eabi/lib/thumb/v7e-m/fpv5/hard\libc_nano.a(lib_a-mlock.o)
                0x08008390                __malloc_lock
 .text.__malloc_unlock
                0x08008392        0x2 c:/ac6/systemworkbench/plugins/fr.ac6.mcu.externaltools.arm-none.win32_1.16.0.201807130628/tools/compiler/bin/../lib/gcc/arm-none-eabi/7.2.1/../../../../arm-none-eabi/lib/thumb/v7e-m/fpv5/hard\libc_nano.a(lib_a-mlock.o)
                0x08008392                __malloc_unlock
 .text._malloc_usable_size_r
                0x08008394       0x10 c:/ac6/systemworkbench/plugins/fr.ac6.mcu.externaltools.arm-none.win32_1.16.0.201807130628/tools/compiler/bin/../lib/gcc/arm-none-eabi/7.2.1/../../../../arm-none-eabi/lib/thumb/v7e-m/fpv5/hard\libc_nano.a(lib_a-nano-msizer.o)
                0x08008394                _malloc_usable_size_r
 *(.glue_7)
 .glue_7        0x080083a4        0x0 linker stubs
 *(.glue_7t)
 .glue_7t       0x080083a4        0x0 linker stubs
 *(.eh_frame)
 .eh_frame      0x080083a4        0x0 c:/ac6/systemworkbench/plugins/fr.ac6.mcu.externaltools.arm-none.win32_1.16.0.201807130628/tools/compiler/bin/../lib/gcc/arm-none-eabi/7.2.1/thumb/v7e-m/fpv5/hard/crtbegin.o
 *(.init)
 .init          0x080083a4        0x4 c:/ac6/systemworkbench/plugins/fr.ac6.mcu.externaltools.arm-none.win32_1.16.0.201807130628/tools/compiler/bin/../lib/gcc/arm-none-eabi/7.2.1/thumb/v7e-m/fpv5/hard/crti.o
                0x080083a4                _init
 .init          0x080083a8        0x8 c:/ac6/systemworkbench/plugins/fr.ac6.mcu.externaltools.arm-none.win32_1.16.0.201807130628/tools/compiler/bin/../lib/gcc/arm-none-eabi/7.2.1/thumb/v7e-m/fpv5/hard/crtn.o
 *(.fini)
 .fini          0x080083b0        0x4 c:/ac6/systemworkbench/plugins/fr.ac6.mcu.externaltools.arm-none.win32_1.16.0.201807130628/tools/compiler/bin/../lib/gcc/arm-none-eabi/7.2.1/thumb/v7e-m/fpv5/hard/crti.o
                0x080083b0                _fini
 .fini          0x080083b4        0x8 c:/ac6/systemworkbench/plugins/fr.ac6.mcu.externaltools.arm-none.win32_1.16.0.201807130628/tools/compiler/bin/../lib/gcc/arm-none-eabi/7.2.1/thumb/v7e-m/fpv5/hard/crtn.o
                0x080083bc                . = ALIGN (0x4)
                0x080083bc                _etext = .

.vfp11_veneer   0x080083bc        0x0
 .vfp11_veneer  0x080083bc        0x0 linker stubs

.v4_bx          0x080083bc        0x0
 .v4_bx         0x080083bc        0x0 linker stubs

.iplt           0x080083bc        0x0
 .iplt          0x080083bc        0x0 c:/ac6/systemworkbench/plugins/fr.ac6.mcu.externaltools.arm-none.win32_1.16.0.201807130628/tools/compiler/bin/../lib/gcc/arm-none-eabi/7.2.1/thumb/v7e-m/fpv5/hard/crtbegin.o

.rodata         0x080083c0      0x754
                0x080083c0                . = ALIGN (0x4)
 *(.rodata)
 .rodata        0x080083c0       0x18 Src/system_stm32f7xx.o
                0x080083c0                AHBPrescTable
                0x080083d0                APBPrescTable
 *(.rodata*)
 .rodata.str1.4
                0x080083d8       0x8a Src/main.o
 *fill*         0x08008462        0x6 
 .rodata.__powf_log2_data
                0x08008468      0x128 c:/ac6/systemworkbench/plugins/fr.ac6.mcu.externaltools.arm-none.win32_1.16.0.201807130628/tools/compiler/bin/../lib/gcc/arm-none-eabi/7.2.1/../../../../arm-none-eabi/lib/thumb/v7e-m/fpv5/hard\libm.a(lib_a-sf_pow_log2_data.o)
                0x08008468                __powf_log2_data
 .rodata.asinf.str1.4
                0x08008590        0x9 c:/ac6/systemworkbench/plugins/fr.ac6.mcu.externaltools.arm-none.win32_1.16.0.201807130628/tools/compiler/bin/../lib/gcc/arm-none-eabi/7.2.1/../../../../arm-none-eabi/lib/thumb/v7e-m/fpv5/hard\libm.a(lib_a-wf_asin.o)
 *fill*         0x08008599        0x3 
 .rodata.sqrtf.str1.4
                0x0800859c        0x8 c:/ac6/systemworkbench/plugins/fr.ac6.mcu.externaltools.arm-none.win32_1.16.0.201807130628/tools/compiler/bin/../lib/gcc/arm-none-eabi/7.2.1/../../../../arm-none-eabi/lib/thumb/v7e-m/fpv5/hard\libm.a(lib_a-wf_sqrt.o)
                                  0x6 (size before relaxing)
 .rodata.npio2_hw
                0x080085a4       0x80 c:/ac6/systemworkbench/plugins/fr.ac6.mcu.externaltools.arm-none.win32_1.16.0.201807130628/tools/compiler/bin/../lib/gcc/arm-none-eabi/7.2.1/../../../../arm-none-eabi/lib/thumb/v7e-m/fpv5/hard\libm.a(lib_a-ef_rem_pio2.o)
 .rodata.two_over_pi
                0x08008624      0x318 c:/ac6/systemworkbench/plugins/fr.ac6.mcu.externaltools.arm-none.win32_1.16.0.201807130628/tools/compiler/bin/../lib/gcc/arm-none-eabi/7.2.1/../../../../arm-none-eabi/lib/thumb/v7e-m/fpv5/hard\libm.a(lib_a-ef_rem_pio2.o)
 .rodata.PIo2   0x0800893c       0x2c c:/ac6/systemworkbench/plugins/fr.ac6.mcu.externaltools.arm-none.win32_1.16.0.201807130628/tools/compiler/bin/../lib/gcc/arm-none-eabi/7.2.1/../../../../arm-none-eabi/lib/thumb/v7e-m/fpv5/hard\libm.a(lib_a-kf_rem_pio2.o)
 .rodata.init_jk
                0x08008968        0xc c:/ac6/systemworkbench/plugins/fr.ac6.mcu.externaltools.arm-none.win32_1.16.0.201807130628/tools/compiler/bin/../lib/gcc/arm-none-eabi/7.2.1/../../../../arm-none-eabi/lib/thumb/v7e-m/fpv5/hard\libm.a(lib_a-kf_rem_pio2.o)
 .rodata.atanhi
                0x08008974       0x10 c:/ac6/systemworkbench/plugins/fr.ac6.mcu.externaltools.arm-none.win32_1.16.0.201807130628/tools/compiler/bin/../lib/gcc/arm-none-eabi/7.2.1/../../../../arm-none-eabi/lib/thumb/v7e-m/fpv5/hard\libm.a(lib_a-sf_atan.o)
 .rodata.atanlo
                0x08008984       0x10 c:/ac6/systemworkbench/plugins/fr.ac6.mcu.externaltools.arm-none.win32_1.16.0.201807130628/tools/compiler/bin/../lib/gcc/arm-none-eabi/7.2.1/../../../../arm-none-eabi/lib/thumb/v7e-m/fpv5/hard\libm.a(lib_a-sf_atan.o)
 *fill*         0x08008994        0x4 
 .rodata.__exp2f_data
                0x08008998      0x148 c:/ac6/systemworkbench/plugins/fr.ac6.mcu.externaltools.arm-none.win32_1.16.0.201807130628/tools/compiler/bin/../lib/gcc/arm-none-eabi/7.2.1/../../../../arm-none-eabi/lib/thumb/v7e-m/fpv5/hard\libm.a(lib_a-sf_exp2_data.o)
                0x08008998                __exp2f_data
 .rodata._svfprintf_r.str1.1
                0x08008ae0       0x11 c:/ac6/systemworkbench/plugins/fr.ac6.mcu.externaltools.arm-none.win32_1.16.0.201807130628/tools/compiler/bin/../lib/gcc/arm-none-eabi/7.2.1/../../../../arm-none-eabi/lib/thumb/v7e-m/fpv5/hard\libc_nano.a(lib_a-nano-svfprintf.o)
 .rodata._printf_i.str1.1
                0x08008af1       0x22 c:/ac6/systemworkbench/plugins/fr.ac6.mcu.externaltools.arm-none.win32_1.16.0.201807130628/tools/compiler/bin/../lib/gcc/arm-none-eabi/7.2.1/../../../../arm-none-eabi/lib/thumb/v7e-m/fpv5/hard\libc_nano.a(lib_a-nano-vfprintf_i.o)
                0x08008b14                . = ALIGN (0x4)
 *fill*         0x08008b13        0x1 

.ARM.extab
 *(.ARM.extab* .gnu.linkonce.armextab.*)

.ARM            0x08008b14        0x8
                0x08008b14                __exidx_start = .
 *(.ARM.exidx*)
 .ARM.exidx     0x08008b14        0x8 c:/ac6/systemworkbench/plugins/fr.ac6.mcu.externaltools.arm-none.win32_1.16.0.201807130628/tools/compiler/bin/../lib/gcc/arm-none-eabi/7.2.1/thumb/v7e-m/fpv5/hard\libgcc.a(_udivmoddi4.o)
                0x08008b1c                __exidx_end = .

.rel.dyn        0x08008b1c        0x0
 .rel.iplt      0x08008b1c        0x0 c:/ac6/systemworkbench/plugins/fr.ac6.mcu.externaltools.arm-none.win32_1.16.0.201807130628/tools/compiler/bin/../lib/gcc/arm-none-eabi/7.2.1/thumb/v7e-m/fpv5/hard/crtbegin.o

.preinit_array  0x08008b1c        0x0
                0x08008b1c                PROVIDE (__preinit_array_start, .)
 *(.preinit_array*)
                0x08008b1c                PROVIDE (__preinit_array_end, .)

.init_array     0x08008b1c        0x4
                0x08008b1c                PROVIDE (__init_array_start, .)
 *(SORT_BY_NAME(.init_array.*))
 *(.init_array*)
 .init_array    0x08008b1c        0x4 c:/ac6/systemworkbench/plugins/fr.ac6.mcu.externaltools.arm-none.win32_1.16.0.201807130628/tools/compiler/bin/../lib/gcc/arm-none-eabi/7.2.1/thumb/v7e-m/fpv5/hard/crtbegin.o
                0x08008b20                PROVIDE (__init_array_end, .)

.fini_array     0x08008b20        0x4
                [!provide]                PROVIDE (__fini_array_start, .)
 *(SORT_BY_NAME(.fini_array.*))
 *(.fini_array*)
 .fini_array    0x08008b20        0x4 c:/ac6/systemworkbench/plugins/fr.ac6.mcu.externaltools.arm-none.win32_1.16.0.201807130628/tools/compiler/bin/../lib/gcc/arm-none-eabi/7.2.1/thumb/v7e-m/fpv5/hard/crtbegin.o
                [!provide]                PROVIDE (__fini_array_end, .)
                0x08008b24                _sidata = LOADADDR (.data)

.data           0x20000000       0x9c load address 0x08008b24
                0x20000000                . = ALIGN (0x4)
                0x20000000                _sdata = .
 *(.data)
 .data          0x20000000        0x8 Drivers/STM32F7xx_HAL_Driver/Src/stm32f7xx_hal.o
                0x20000000                uwTickFreq
                0x20000004                uwTickPrio
 .data          0x20000008        0x4 Src/brushless.o
                0x20000008                BRUSHLESS_PWM
 .data          0x2000000c       0x24 Src/main.o
                0x2000000c                SERVO1_angle
                0x20000010                SERVO2_angle
                0x20000014                SERVO3_angle
                0x20000018                auto_flag
                0x2000001c                auto_diff
                0x20000020                PREV_SERVO3_angle
                0x20000024                PREV_SERVO2_angle
                0x20000028                PREV_SERVO1_angle
                0x2000002c                SERVO4_angle
 .data          0x20000030        0x4 Src/system_stm32f7xx.o
                0x20000030                SystemCoreClock
 *(.data*)
 .data.__fdlib_version
                0x20000034        0x1 c:/ac6/systemworkbench/plugins/fr.ac6.mcu.externaltools.arm-none.win32_1.16.0.201807130628/tools/compiler/bin/../lib/gcc/arm-none-eabi/7.2.1/../../../../arm-none-eabi/lib/thumb/v7e-m/fpv5/hard\libm.a(lib_a-s_lib_ver.o)
                0x20000034                __fdlib_version
 *fill*         0x20000035        0x3 
 .data._impure_ptr
                0x20000038        0x4 c:/ac6/systemworkbench/plugins/fr.ac6.mcu.externaltools.arm-none.win32_1.16.0.201807130628/tools/compiler/bin/../lib/gcc/arm-none-eabi/7.2.1/../../../../arm-none-eabi/lib/thumb/v7e-m/fpv5/hard\libc_nano.a(lib_a-impure.o)
                0x20000038                _impure_ptr
 .data.impure_data
                0x2000003c       0x60 c:/ac6/systemworkbench/plugins/fr.ac6.mcu.externaltools.arm-none.win32_1.16.0.201807130628/tools/compiler/bin/../lib/gcc/arm-none-eabi/7.2.1/../../../../arm-none-eabi/lib/thumb/v7e-m/fpv5/hard\libc_nano.a(lib_a-impure.o)
                0x2000009c                . = ALIGN (0x4)
                0x2000009c                _edata = .

.igot.plt       0x2000009c        0x0 load address 0x08008bc0
 .igot.plt      0x2000009c        0x0 c:/ac6/systemworkbench/plugins/fr.ac6.mcu.externaltools.arm-none.win32_1.16.0.201807130628/tools/compiler/bin/../lib/gcc/arm-none-eabi/7.2.1/thumb/v7e-m/fpv5/hard/crtbegin.o
                0x2000009c                . = ALIGN (0x4)

.bss            0x2000009c      0x64c load address 0x08008bc0
                0x2000009c                _sbss = .
                0x2000009c                __bss_start__ = _sbss
 *(.bss)
 .bss           0x2000009c       0x1c c:/ac6/systemworkbench/plugins/fr.ac6.mcu.externaltools.arm-none.win32_1.16.0.201807130628/tools/compiler/bin/../lib/gcc/arm-none-eabi/7.2.1/thumb/v7e-m/fpv5/hard/crtbegin.o
 .bss           0x200000b8       0x10 Src/auto_pass.o
                0x200000b8                auto_count
                0x200000bc                MSW_Z_MIN_FLAG
                0x200000be                MSW_Z_MAX_FLAG
                0x200000c0                MSW_WORK_Z_MAX_FLAG
                0x200000c2                MSW_WORK_Z_MIN_FLAG
                0x200000c4                MSW_BOX_Z_MAX_FLAG
                0x200000c6                MSW_BOX_Z_MIN_FLAG
 .bss           0x200000c8      0x144 Src/main.o
                0x200000ca                flag
                0x200000cc                auto_button_flag
                0x200000ce                auto_center_flag
                0x200000d0                auto_corner_flag
                0x200000d2                prev_button_data
                0x200000d4                R1_flag
                0x200000d8                R2_flag
                0x200000dc                R3_flag
                0x200000e0                BOX_vero
                0x200000e4                auto_BOX_flag
                0x200000e6                auto_WORK_flag
                0x200000e8                NF_y_button
                0x200000ec                NF_x_button
                0x200000f0                NF_z_button
                0x200001f4                auto_escape_flag
                0x200001f8                auto_return_count
                0x200001fc                MODE2_flag
                0x20000200                L2_flag
                0x20000204                L1_flag
                0x20000208                current_pos
 .bss           0x2000020c       0x28 Src/motor.o
                0x2000020c                current_diff_z
                0x20000210                prev_diff_z
                0x20000214                integral_theta
                0x20000218                prev_diff_theta
                0x2000021c                current_diff_theta
                0x20000220                integral_r
                0x20000224                prev_diff_r
                0x20000228                current_diff_r
                0x2000022c                integral_z
                0x20000230                vero
 .bss           0x20000234        0x8 Src/syscalls.o
                0x20000238                __env
 *(.bss*)
 .bss.__malloc_free_list
                0x2000023c        0x4 c:/ac6/systemworkbench/plugins/fr.ac6.mcu.externaltools.arm-none.win32_1.16.0.201807130628/tools/compiler/bin/../lib/gcc/arm-none-eabi/7.2.1/../../../../arm-none-eabi/lib/thumb/v7e-m/fpv5/hard\libc_nano.a(lib_a-nano-mallocr.o)
                0x2000023c                __malloc_free_list
 .bss.__malloc_sbrk_start
                0x20000240        0x4 c:/ac6/systemworkbench/plugins/fr.ac6.mcu.externaltools.arm-none.win32_1.16.0.201807130628/tools/compiler/bin/../lib/gcc/arm-none-eabi/7.2.1/../../../../arm-none-eabi/lib/thumb/v7e-m/fpv5/hard\libc_nano.a(lib_a-nano-mallocr.o)
                0x20000240                __malloc_sbrk_start
 *(COMMON)
 COMMON         0x20000244        0x4 Drivers/STM32F7xx_HAL_Driver/Src/stm32f7xx_hal.o
                0x20000244                uwTick
 COMMON         0x20000248      0x464 Src/main.o
                0x20000248                refrec_z_max
                0x2000024c                refrec_z_min
                0x20000250                analog_right_norm
                0x20000258                htim8
                0x20000298                htim4
                0x200002d8                huart3
                0x20000358                htim10
                0x20000398                analog_left_polar
                0x200003a0                refrec_y_min
                0x200003a4                refrec_y_max
                0x200003a8                refrec_x_max
                0x200003ac                htim3
                0x200003ec                hspi3
                0x20000450                analog_left_norm
                0x20000458                htim13
                0x20000498                huart1
                0x20000518                htim11
                0x20000558                refrec_x_min
                0x2000055c                htim6
                0x2000059c                htim1
                0x200005dc                htim9
                0x2000061c                analog_right_polar
                0x20000624                htim2
                0x20000664                heth
 COMMON         0x200006ac       0x38 Src/robotstate.o
                0x200006ac                refcyl
                0x200006b8                BOX_posrec
                0x200006bc                BOX_refrec
                0x200006c0                posrec
                0x200006cc                poscyl
                0x200006d8                refrec
 COMMON         0x200006e4        0x4 c:/ac6/systemworkbench/plugins/fr.ac6.mcu.externaltools.arm-none.win32_1.16.0.201807130628/tools/compiler/bin/../lib/gcc/arm-none-eabi/7.2.1/../../../../arm-none-eabi/lib/thumb/v7e-m/fpv5/hard\libc_nano.a(lib_a-reent.o)
                0x200006e4                errno
                0x200006e8                . = ALIGN (0x4)
                0x200006e8                _ebss = .
                0x200006e8                __bss_end__ = _ebss

._user_heap_stack
                0x200006e8      0x600 load address 0x08008bc0
                0x200006e8                . = ALIGN (0x8)
                0x200006e8                PROVIDE (end, .)
                [!provide]                PROVIDE (_end, .)
                0x200008e8                . = (. + _Min_Heap_Size)
 *fill*         0x200006e8      0x200 
                0x20000ce8                . = (. + _Min_Stack_Size)
 *fill*         0x200008e8      0x400 
                0x20000ce8                . = ALIGN (0x8)

/DISCARD/
 libc.a(*)
 libm.a(*)
 libgcc.a(*)

.ARM.attributes
                0x00000000       0x2e
 *(.ARM.attributes)
 .ARM.attributes
                0x00000000       0x20 c:/ac6/systemworkbench/plugins/fr.ac6.mcu.externaltools.arm-none.win32_1.16.0.201807130628/tools/compiler/bin/../lib/gcc/arm-none-eabi/7.2.1/thumb/v7e-m/fpv5/hard/crti.o
 .ARM.attributes
                0x00000020       0x32 c:/ac6/systemworkbench/plugins/fr.ac6.mcu.externaltools.arm-none.win32_1.16.0.201807130628/tools/compiler/bin/../lib/gcc/arm-none-eabi/7.2.1/thumb/v7e-m/fpv5/hard/crtbegin.o
 .ARM.attributes
                0x00000052       0x37 Drivers/STM32F7xx_HAL_Driver/Src/stm32f7xx_hal.o
 .ARM.attributes
                0x00000089       0x37 Drivers/STM32F7xx_HAL_Driver/Src/stm32f7xx_hal_cortex.o
 .ARM.attributes
                0x000000c0       0x37 Drivers/STM32F7xx_HAL_Driver/Src/stm32f7xx_hal_eth.o
 .ARM.attributes
                0x000000f7       0x37 Drivers/STM32F7xx_HAL_Driver/Src/stm32f7xx_hal_gpio.o
 .ARM.attributes
                0x0000012e       0x37 Drivers/STM32F7xx_HAL_Driver/Src/stm32f7xx_hal_pwr.o
 .ARM.attributes
                0x00000165       0x37 Drivers/STM32F7xx_HAL_Driver/Src/stm32f7xx_hal_pwr_ex.o
 .ARM.attributes
                0x0000019c       0x37 Drivers/STM32F7xx_HAL_Driver/Src/stm32f7xx_hal_rcc.o
 .ARM.attributes
                0x000001d3       0x37 Drivers/STM32F7xx_HAL_Driver/Src/stm32f7xx_hal_rcc_ex.o
 .ARM.attributes
                0x0000020a       0x37 Drivers/STM32F7xx_HAL_Driver/Src/stm32f7xx_hal_spi.o
 .ARM.attributes
                0x00000241       0x37 Drivers/STM32F7xx_HAL_Driver/Src/stm32f7xx_hal_tim.o
 .ARM.attributes
                0x00000278       0x37 Drivers/STM32F7xx_HAL_Driver/Src/stm32f7xx_hal_tim_ex.o
 .ARM.attributes
                0x000002af       0x37 Drivers/STM32F7xx_HAL_Driver/Src/stm32f7xx_hal_uart.o
 .ARM.attributes
                0x000002e6       0x37 Src/auto_pass.o
 .ARM.attributes
                0x0000031d       0x37 Src/autoctrl.o
 .ARM.attributes
                0x00000354       0x37 Src/brushless.o
 .ARM.attributes
                0x0000038b       0x37 Src/controller.o
 .ARM.attributes
                0x000003c2       0x37 Src/encoder.o
 .ARM.attributes
                0x000003f9       0x37 Src/main.o
 .ARM.attributes
                0x00000430       0x37 Src/microswitch.o
 .ARM.attributes
                0x00000467       0x37 Src/motor.o
 .ARM.attributes
                0x0000049e       0x37 Src/robotstate.o
 .ARM.attributes
                0x000004d5       0x37 Src/servomotor.o
 .ARM.attributes
                0x0000050c       0x37 Src/stm32f7xx_hal_msp.o
 .ARM.attributes
                0x00000543       0x37 Src/stm32f7xx_it.o
 .ARM.attributes
                0x0000057a       0x37 Src/syscalls.o
 .ARM.attributes
                0x000005b1       0x37 Src/system_stm32f7xx.o
 .ARM.attributes
                0x000005e8       0x21 startup/startup_stm32f767xx.o
 .ARM.attributes
                0x00000609       0x32 c:/ac6/systemworkbench/plugins/fr.ac6.mcu.externaltools.arm-none.win32_1.16.0.201807130628/tools/compiler/bin/../lib/gcc/arm-none-eabi/7.2.1/../../../../arm-none-eabi/lib/thumb/v7e-m/fpv5/hard\libm.a(lib_a-sf_cos.o)
 .ARM.attributes
                0x0000063b       0x32 c:/ac6/systemworkbench/plugins/fr.ac6.mcu.externaltools.arm-none.win32_1.16.0.201807130628/tools/compiler/bin/../lib/gcc/arm-none-eabi/7.2.1/../../../../arm-none-eabi/lib/thumb/v7e-m/fpv5/hard\libm.a(lib_a-sf_pow.o)
 .ARM.attributes
                0x0000066d       0x32 c:/ac6/systemworkbench/plugins/fr.ac6.mcu.externaltools.arm-none.win32_1.16.0.201807130628/tools/compiler/bin/../lib/gcc/arm-none-eabi/7.2.1/../../../../arm-none-eabi/lib/thumb/v7e-m/fpv5/hard\libm.a(lib_a-sf_pow_log2_data.o)
 .ARM.attributes
                0x0000069f       0x32 c:/ac6/systemworkbench/plugins/fr.ac6.mcu.externaltools.arm-none.win32_1.16.0.201807130628/tools/compiler/bin/../lib/gcc/arm-none-eabi/7.2.1/../../../../arm-none-eabi/lib/thumb/v7e-m/fpv5/hard\libm.a(lib_a-sf_sin.o)
 .ARM.attributes
                0x000006d1       0x32 c:/ac6/systemworkbench/plugins/fr.ac6.mcu.externaltools.arm-none.win32_1.16.0.201807130628/tools/compiler/bin/../lib/gcc/arm-none-eabi/7.2.1/../../../../arm-none-eabi/lib/thumb/v7e-m/fpv5/hard\libm.a(lib_a-wf_asin.o)
 .ARM.attributes
                0x00000703       0x32 c:/ac6/systemworkbench/plugins/fr.ac6.mcu.externaltools.arm-none.win32_1.16.0.201807130628/tools/compiler/bin/../lib/gcc/arm-none-eabi/7.2.1/../../../../arm-none-eabi/lib/thumb/v7e-m/fpv5/hard\libm.a(lib_a-wf_atan2.o)
 .ARM.attributes
                0x00000735       0x32 c:/ac6/systemworkbench/plugins/fr.ac6.mcu.externaltools.arm-none.win32_1.16.0.201807130628/tools/compiler/bin/../lib/gcc/arm-none-eabi/7.2.1/../../../../arm-none-eabi/lib/thumb/v7e-m/fpv5/hard\libm.a(lib_a-wf_sqrt.o)
 .ARM.attributes
                0x00000767       0x32 c:/ac6/systemworkbench/plugins/fr.ac6.mcu.externaltools.arm-none.win32_1.16.0.201807130628/tools/compiler/bin/../lib/gcc/arm-none-eabi/7.2.1/../../../../arm-none-eabi/lib/thumb/v7e-m/fpv5/hard\libm.a(lib_a-ef_asin.o)
 .ARM.attributes
                0x00000799       0x32 c:/ac6/systemworkbench/plugins/fr.ac6.mcu.externaltools.arm-none.win32_1.16.0.201807130628/tools/compiler/bin/../lib/gcc/arm-none-eabi/7.2.1/../../../../arm-none-eabi/lib/thumb/v7e-m/fpv5/hard\libm.a(lib_a-ef_atan2.o)
 .ARM.attributes
                0x000007cb       0x32 c:/ac6/systemworkbench/plugins/fr.ac6.mcu.externaltools.arm-none.win32_1.16.0.201807130628/tools/compiler/bin/../lib/gcc/arm-none-eabi/7.2.1/../../../../arm-none-eabi/lib/thumb/v7e-m/fpv5/hard\libm.a(lib_a-ef_rem_pio2.o)
 .ARM.attributes
                0x000007fd       0x32 c:/ac6/systemworkbench/plugins/fr.ac6.mcu.externaltools.arm-none.win32_1.16.0.201807130628/tools/compiler/bin/../lib/gcc/arm-none-eabi/7.2.1/../../../../arm-none-eabi/lib/thumb/v7e-m/fpv5/hard\libm.a(lib_a-ef_sqrt.o)
 .ARM.attributes
                0x0000082f       0x32 c:/ac6/systemworkbench/plugins/fr.ac6.mcu.externaltools.arm-none.win32_1.16.0.201807130628/tools/compiler/bin/../lib/gcc/arm-none-eabi/7.2.1/../../../../arm-none-eabi/lib/thumb/v7e-m/fpv5/hard\libm.a(lib_a-kf_cos.o)
 .ARM.attributes
                0x00000861       0x32 c:/ac6/systemworkbench/plugins/fr.ac6.mcu.externaltools.arm-none.win32_1.16.0.201807130628/tools/compiler/bin/../lib/gcc/arm-none-eabi/7.2.1/../../../../arm-none-eabi/lib/thumb/v7e-m/fpv5/hard\libm.a(lib_a-kf_rem_pio2.o)
 .ARM.attributes
                0x00000893       0x32 c:/ac6/systemworkbench/plugins/fr.ac6.mcu.externaltools.arm-none.win32_1.16.0.201807130628/tools/compiler/bin/../lib/gcc/arm-none-eabi/7.2.1/../../../../arm-none-eabi/lib/thumb/v7e-m/fpv5/hard\libm.a(lib_a-kf_sin.o)
 .ARM.attributes
                0x000008c5       0x32 c:/ac6/systemworkbench/plugins/fr.ac6.mcu.externaltools.arm-none.win32_1.16.0.201807130628/tools/compiler/bin/../lib/gcc/arm-none-eabi/7.2.1/../../../../arm-none-eabi/lib/thumb/v7e-m/fpv5/hard\libm.a(lib_a-math_errf.o)
 .ARM.attributes
                0x000008f7       0x32 c:/ac6/systemworkbench/plugins/fr.ac6.mcu.externaltools.arm-none.win32_1.16.0.201807130628/tools/compiler/bin/../lib/gcc/arm-none-eabi/7.2.1/../../../../arm-none-eabi/lib/thumb/v7e-m/fpv5/hard\libm.a(lib_a-s_lib_ver.o)
 .ARM.attributes
                0x00000929       0x32 c:/ac6/systemworkbench/plugins/fr.ac6.mcu.externaltools.arm-none.win32_1.16.0.201807130628/tools/compiler/bin/../lib/gcc/arm-none-eabi/7.2.1/../../../../arm-none-eabi/lib/thumb/v7e-m/fpv5/hard\libm.a(lib_a-s_matherr.o)
 .ARM.attributes
                0x0000095b       0x32 c:/ac6/systemworkbench/plugins/fr.ac6.mcu.externaltools.arm-none.win32_1.16.0.201807130628/tools/compiler/bin/../lib/gcc/arm-none-eabi/7.2.1/../../../../arm-none-eabi/lib/thumb/v7e-m/fpv5/hard\libm.a(lib_a-s_nan.o)
 .ARM.attributes
                0x0000098d       0x32 c:/ac6/systemworkbench/plugins/fr.ac6.mcu.externaltools.arm-none.win32_1.16.0.201807130628/tools/compiler/bin/../lib/gcc/arm-none-eabi/7.2.1/../../../../arm-none-eabi/lib/thumb/v7e-m/fpv5/hard\libm.a(lib_a-sf_atan.o)
 .ARM.attributes
                0x000009bf       0x32 c:/ac6/systemworkbench/plugins/fr.ac6.mcu.externaltools.arm-none.win32_1.16.0.201807130628/tools/compiler/bin/../lib/gcc/arm-none-eabi/7.2.1/../../../../arm-none-eabi/lib/thumb/v7e-m/fpv5/hard\libm.a(lib_a-sf_exp2_data.o)
 .ARM.attributes
                0x000009f1       0x32 c:/ac6/systemworkbench/plugins/fr.ac6.mcu.externaltools.arm-none.win32_1.16.0.201807130628/tools/compiler/bin/../lib/gcc/arm-none-eabi/7.2.1/../../../../arm-none-eabi/lib/thumb/v7e-m/fpv5/hard\libm.a(lib_a-sf_fabs.o)
 .ARM.attributes
                0x00000a23       0x32 c:/ac6/systemworkbench/plugins/fr.ac6.mcu.externaltools.arm-none.win32_1.16.0.201807130628/tools/compiler/bin/../lib/gcc/arm-none-eabi/7.2.1/../../../../arm-none-eabi/lib/thumb/v7e-m/fpv5/hard\libm.a(lib_a-sf_floor.o)
 .ARM.attributes
                0x00000a55       0x32 c:/ac6/systemworkbench/plugins/fr.ac6.mcu.externaltools.arm-none.win32_1.16.0.201807130628/tools/compiler/bin/../lib/gcc/arm-none-eabi/7.2.1/../../../../arm-none-eabi/lib/thumb/v7e-m/fpv5/hard\libm.a(lib_a-sf_scalbn.o)
 .ARM.attributes
                0x00000a87       0x32 c:/ac6/systemworkbench/plugins/fr.ac6.mcu.externaltools.arm-none.win32_1.16.0.201807130628/tools/compiler/bin/../lib/gcc/arm-none-eabi/7.2.1/../../../../arm-none-eabi/lib/thumb/v7e-m/fpv5/hard\libm.a(lib_a-sf_copysign.o)
 .ARM.attributes
                0x00000ab9       0x20 c:/ac6/systemworkbench/plugins/fr.ac6.mcu.externaltools.arm-none.win32_1.16.0.201807130628/tools/compiler/bin/../lib/gcc/arm-none-eabi/7.2.1/thumb/v7e-m/fpv5/hard\libgcc.a(_aeabi_uldivmod.o)
 .ARM.attributes
                0x00000ad9       0x32 c:/ac6/systemworkbench/plugins/fr.ac6.mcu.externaltools.arm-none.win32_1.16.0.201807130628/tools/compiler/bin/../lib/gcc/arm-none-eabi/7.2.1/thumb/v7e-m/fpv5/hard\libgcc.a(_udivmoddi4.o)
 .ARM.attributes
                0x00000b0b       0x20 c:/ac6/systemworkbench/plugins/fr.ac6.mcu.externaltools.arm-none.win32_1.16.0.201807130628/tools/compiler/bin/../lib/gcc/arm-none-eabi/7.2.1/thumb/v7e-m/fpv5/hard\libgcc.a(_dvmd_tls.o)
 .ARM.attributes
                0x00000b2b       0x32 c:/ac6/systemworkbench/plugins/fr.ac6.mcu.externaltools.arm-none.win32_1.16.0.201807130628/tools/compiler/bin/../lib/gcc/arm-none-eabi/7.2.1/../../../../arm-none-eabi/lib/thumb/v7e-m/fpv5/hard\libc_nano.a(lib_a-errno.o)
 .ARM.attributes
                0x00000b5d       0x32 c:/ac6/systemworkbench/plugins/fr.ac6.mcu.externaltools.arm-none.win32_1.16.0.201807130628/tools/compiler/bin/../lib/gcc/arm-none-eabi/7.2.1/../../../../arm-none-eabi/lib/thumb/v7e-m/fpv5/hard\libc_nano.a(lib_a-impure.o)
 .ARM.attributes
                0x00000b8f       0x32 c:/ac6/systemworkbench/plugins/fr.ac6.mcu.externaltools.arm-none.win32_1.16.0.201807130628/tools/compiler/bin/../lib/gcc/arm-none-eabi/7.2.1/../../../../arm-none-eabi/lib/thumb/v7e-m/fpv5/hard\libc_nano.a(lib_a-init.o)
 .ARM.attributes
                0x00000bc1       0x32 c:/ac6/systemworkbench/plugins/fr.ac6.mcu.externaltools.arm-none.win32_1.16.0.201807130628/tools/compiler/bin/../lib/gcc/arm-none-eabi/7.2.1/../../../../arm-none-eabi/lib/thumb/v7e-m/fpv5/hard\libc_nano.a(lib_a-memset.o)
 .ARM.attributes
                0x00000bf3       0x32 c:/ac6/systemworkbench/plugins/fr.ac6.mcu.externaltools.arm-none.win32_1.16.0.201807130628/tools/compiler/bin/../lib/gcc/arm-none-eabi/7.2.1/../../../../arm-none-eabi/lib/thumb/v7e-m/fpv5/hard\libc_nano.a(lib_a-sprintf.o)
 .ARM.attributes
                0x00000c25       0x19 c:/ac6/systemworkbench/plugins/fr.ac6.mcu.externaltools.arm-none.win32_1.16.0.201807130628/tools/compiler/bin/../lib/gcc/arm-none-eabi/7.2.1/../../../../arm-none-eabi/lib/thumb/v7e-m/fpv5/hard\libc_nano.a(lib_a-strlen.o)
 .ARM.attributes
                0x00000c3e       0x32 c:/ac6/systemworkbench/plugins/fr.ac6.mcu.externaltools.arm-none.win32_1.16.0.201807130628/tools/compiler/bin/../lib/gcc/arm-none-eabi/7.2.1/../../../../arm-none-eabi/lib/thumb/v7e-m/fpv5/hard\libc_nano.a(lib_a-nano-svfprintf.o)
 .ARM.attributes
                0x00000c70       0x32 c:/ac6/systemworkbench/plugins/fr.ac6.mcu.externaltools.arm-none.win32_1.16.0.201807130628/tools/compiler/bin/../lib/gcc/arm-none-eabi/7.2.1/../../../../arm-none-eabi/lib/thumb/v7e-m/fpv5/hard\libc_nano.a(lib_a-nano-vfprintf_i.o)
 .ARM.attributes
                0x00000ca2       0x1e c:/ac6/systemworkbench/plugins/fr.ac6.mcu.externaltools.arm-none.win32_1.16.0.201807130628/tools/compiler/bin/../lib/gcc/arm-none-eabi/7.2.1/../../../../arm-none-eabi/lib/thumb/v7e-m/fpv5/hard\libc_nano.a(lib_a-memchr.o)
 .ARM.attributes
                0x00000cc0       0x32 c:/ac6/systemworkbench/plugins/fr.ac6.mcu.externaltools.arm-none.win32_1.16.0.201807130628/tools/compiler/bin/../lib/gcc/arm-none-eabi/7.2.1/../../../../arm-none-eabi/lib/thumb/v7e-m/fpv5/hard\libc_nano.a(lib_a-memcpy-stub.o)
 .ARM.attributes
                0x00000cf2       0x32 c:/ac6/systemworkbench/plugins/fr.ac6.mcu.externaltools.arm-none.win32_1.16.0.201807130628/tools/compiler/bin/../lib/gcc/arm-none-eabi/7.2.1/../../../../arm-none-eabi/lib/thumb/v7e-m/fpv5/hard\libc_nano.a(lib_a-memmove.o)
 .ARM.attributes
                0x00000d24       0x32 c:/ac6/systemworkbench/plugins/fr.ac6.mcu.externaltools.arm-none.win32_1.16.0.201807130628/tools/compiler/bin/../lib/gcc/arm-none-eabi/7.2.1/../../../../arm-none-eabi/lib/thumb/v7e-m/fpv5/hard\libc_nano.a(lib_a-nano-freer.o)
 .ARM.attributes
                0x00000d56       0x32 c:/ac6/systemworkbench/plugins/fr.ac6.mcu.externaltools.arm-none.win32_1.16.0.201807130628/tools/compiler/bin/../lib/gcc/arm-none-eabi/7.2.1/../../../../arm-none-eabi/lib/thumb/v7e-m/fpv5/hard\libc_nano.a(lib_a-nano-mallocr.o)
 .ARM.attributes
                0x00000d88       0x32 c:/ac6/systemworkbench/plugins/fr.ac6.mcu.externaltools.arm-none.win32_1.16.0.201807130628/tools/compiler/bin/../lib/gcc/arm-none-eabi/7.2.1/../../../../arm-none-eabi/lib/thumb/v7e-m/fpv5/hard\libc_nano.a(lib_a-nano-reallocr.o)
 .ARM.attributes
                0x00000dba       0x32 c:/ac6/systemworkbench/plugins/fr.ac6.mcu.externaltools.arm-none.win32_1.16.0.201807130628/tools/compiler/bin/../lib/gcc/arm-none-eabi/7.2.1/../../../../arm-none-eabi/lib/thumb/v7e-m/fpv5/hard\libc_nano.a(lib_a-sbrkr.o)
 .ARM.attributes
                0x00000dec       0x32 c:/ac6/systemworkbench/plugins/fr.ac6.mcu.externaltools.arm-none.win32_1.16.0.201807130628/tools/compiler/bin/../lib/gcc/arm-none-eabi/7.2.1/../../../../arm-none-eabi/lib/thumb/v7e-m/fpv5/hard\libc_nano.a(lib_a-mlock.o)
 .ARM.attributes
                0x00000e1e       0x32 c:/ac6/systemworkbench/plugins/fr.ac6.mcu.externaltools.arm-none.win32_1.16.0.201807130628/tools/compiler/bin/../lib/gcc/arm-none-eabi/7.2.1/../../../../arm-none-eabi/lib/thumb/v7e-m/fpv5/hard\libc_nano.a(lib_a-nano-msizer.o)
 .ARM.attributes
                0x00000e50       0x32 c:/ac6/systemworkbench/plugins/fr.ac6.mcu.externaltools.arm-none.win32_1.16.0.201807130628/tools/compiler/bin/../lib/gcc/arm-none-eabi/7.2.1/../../../../arm-none-eabi/lib/thumb/v7e-m/fpv5/hard\libc_nano.a(lib_a-reent.o)
 .ARM.attributes
                0x00000e82       0x20 c:/ac6/systemworkbench/plugins/fr.ac6.mcu.externaltools.arm-none.win32_1.16.0.201807130628/tools/compiler/bin/../lib/gcc/arm-none-eabi/7.2.1/thumb/v7e-m/fpv5/hard/crtn.o
OUTPUT(0910F7RightMain.elf elf32-littlearm)

.debug_info     0x00000000    0x1f5d7
 .debug_info    0x00000000      0xae2 Drivers/STM32F7xx_HAL_Driver/Src/stm32f7xx_hal.o
 .debug_info    0x00000ae2     0x11f0 Drivers/STM32F7xx_HAL_Driver/Src/stm32f7xx_hal_cortex.o
 .debug_info    0x00001cd2     0x193d Drivers/STM32F7xx_HAL_Driver/Src/stm32f7xx_hal_eth.o
 .debug_info    0x0000360f      0x7f6 Drivers/STM32F7xx_HAL_Driver/Src/stm32f7xx_hal_gpio.o
 .debug_info    0x00003e05      0x9c2 Drivers/STM32F7xx_HAL_Driver/Src/stm32f7xx_hal_pwr.o
 .debug_info    0x000047c7      0xa48 Drivers/STM32F7xx_HAL_Driver/Src/stm32f7xx_hal_pwr_ex.o
 .debug_info    0x0000520f      0xb9a Drivers/STM32F7xx_HAL_Driver/Src/stm32f7xx_hal_rcc.o
 .debug_info    0x00005da9      0x8c9 Drivers/STM32F7xx_HAL_Driver/Src/stm32f7xx_hal_rcc_ex.o
 .debug_info    0x00006672     0x1e9d Drivers/STM32F7xx_HAL_Driver/Src/stm32f7xx_hal_spi.o
 .debug_info    0x0000850f     0x332e Drivers/STM32F7xx_HAL_Driver/Src/stm32f7xx_hal_tim.o
 .debug_info    0x0000b83d     0x16a6 Drivers/STM32F7xx_HAL_Driver/Src/stm32f7xx_hal_tim_ex.o
 .debug_info    0x0000cee3     0x1bc0 Drivers/STM32F7xx_HAL_Driver/Src/stm32f7xx_hal_uart.o
 .debug_info    0x0000eaa3     0x1606 Src/auto_pass.o
 .debug_info    0x000100a9      0xba4 Src/autoctrl.o
 .debug_info    0x00010c4d      0x7bb Src/brushless.o
 .debug_info    0x00011408     0x1423 Src/controller.o
 .debug_info    0x0001282b     0x1132 Src/encoder.o
 .debug_info    0x0001395d     0x3bd4 Src/main.o
 .debug_info    0x00017531      0x447 Src/microswitch.o
 .debug_info    0x00017978     0x1b44 Src/motor.o
 .debug_info    0x000194bc      0xd9f Src/robotstate.o
 .debug_info    0x0001a25b     0x134c Src/servomotor.o
 .debug_info    0x0001b5a7     0x218e Src/stm32f7xx_hal_msp.o
 .debug_info    0x0001d735      0x76b Src/stm32f7xx_it.o
 .debug_info    0x0001dea0      0xfd3 Src/syscalls.o
 .debug_info    0x0001ee73      0x742 Src/system_stm32f7xx.o
 .debug_info    0x0001f5b5       0x22 startup/startup_stm32f767xx.o

.debug_abbrev   0x00000000     0x3bd7
 .debug_abbrev  0x00000000      0x1ed Drivers/STM32F7xx_HAL_Driver/Src/stm32f7xx_hal.o
 .debug_abbrev  0x000001ed      0x328 Drivers/STM32F7xx_HAL_Driver/Src/stm32f7xx_hal_cortex.o
 .debug_abbrev  0x00000515      0x27f Drivers/STM32F7xx_HAL_Driver/Src/stm32f7xx_hal_eth.o
 .debug_abbrev  0x00000794      0x1e7 Drivers/STM32F7xx_HAL_Driver/Src/stm32f7xx_hal_gpio.o
 .debug_abbrev  0x0000097b      0x1b8 Drivers/STM32F7xx_HAL_Driver/Src/stm32f7xx_hal_pwr.o
 .debug_abbrev  0x00000b33      0x1c0 Drivers/STM32F7xx_HAL_Driver/Src/stm32f7xx_hal_pwr_ex.o
 .debug_abbrev  0x00000cf3      0x296 Drivers/STM32F7xx_HAL_Driver/Src/stm32f7xx_hal_rcc.o
 .debug_abbrev  0x00000f89      0x1de Drivers/STM32F7xx_HAL_Driver/Src/stm32f7xx_hal_rcc_ex.o
 .debug_abbrev  0x00001167      0x249 Drivers/STM32F7xx_HAL_Driver/Src/stm32f7xx_hal_spi.o
 .debug_abbrev  0x000013b0      0x226 Drivers/STM32F7xx_HAL_Driver/Src/stm32f7xx_hal_tim.o
 .debug_abbrev  0x000015d6      0x237 Drivers/STM32F7xx_HAL_Driver/Src/stm32f7xx_hal_tim_ex.o
 .debug_abbrev  0x0000180d      0x24d Drivers/STM32F7xx_HAL_Driver/Src/stm32f7xx_hal_uart.o
 .debug_abbrev  0x00001a5a      0x2db Src/auto_pass.o
 .debug_abbrev  0x00001d35      0x24b Src/autoctrl.o
 .debug_abbrev  0x00001f80      0x1f5 Src/brushless.o
 .debug_abbrev  0x00002175      0x312 Src/controller.o
 .debug_abbrev  0x00002487      0x278 Src/encoder.o
 .debug_abbrev  0x000026ff      0x398 Src/main.o
 .debug_abbrev  0x00002a97      0x148 Src/microswitch.o
 .debug_abbrev  0x00002bdf      0x2df Src/motor.o
 .debug_abbrev  0x00002ebe      0x252 Src/robotstate.o
 .debug_abbrev  0x00003110      0x2d1 Src/servomotor.o
 .debug_abbrev  0x000033e1      0x240 Src/stm32f7xx_hal_msp.o
 .debug_abbrev  0x00003621      0x189 Src/stm32f7xx_it.o
 .debug_abbrev  0x000037aa      0x2d4 Src/syscalls.o
 .debug_abbrev  0x00003a7e      0x147 Src/system_stm32f7xx.o
 .debug_abbrev  0x00003bc5       0x12 startup/startup_stm32f767xx.o

.debug_loc      0x00000000     0xc6d2
 .debug_loc     0x00000000       0xfd Drivers/STM32F7xx_HAL_Driver/Src/stm32f7xx_hal.o
 .debug_loc     0x000000fd      0x5c0 Drivers/STM32F7xx_HAL_Driver/Src/stm32f7xx_hal_cortex.o
 .debug_loc     0x000006bd      0xd75 Drivers/STM32F7xx_HAL_Driver/Src/stm32f7xx_hal_eth.o
 .debug_loc     0x00001432      0x497 Drivers/STM32F7xx_HAL_Driver/Src/stm32f7xx_hal_gpio.o
 .debug_loc     0x000018c9       0x8d Drivers/STM32F7xx_HAL_Driver/Src/stm32f7xx_hal_pwr.o
 .debug_loc     0x00001956      0x198 Drivers/STM32F7xx_HAL_Driver/Src/stm32f7xx_hal_pwr_ex.o
 .debug_loc     0x00001aee      0x4cf Drivers/STM32F7xx_HAL_Driver/Src/stm32f7xx_hal_rcc.o
 .debug_loc     0x00001fbd      0x5fc Drivers/STM32F7xx_HAL_Driver/Src/stm32f7xx_hal_rcc_ex.o
 .debug_loc     0x000025b9     0x19ee Drivers/STM32F7xx_HAL_Driver/Src/stm32f7xx_hal_spi.o
 .debug_loc     0x00003fa7     0x3b46 Drivers/STM32F7xx_HAL_Driver/Src/stm32f7xx_hal_tim.o
 .debug_loc     0x00007aed     0x1860 Drivers/STM32F7xx_HAL_Driver/Src/stm32f7xx_hal_tim_ex.o
 .debug_loc     0x0000934d     0x16e7 Drivers/STM32F7xx_HAL_Driver/Src/stm32f7xx_hal_uart.o
 .debug_loc     0x0000aa34      0x574 Src/auto_pass.o
 .debug_loc     0x0000afa8       0xd0 Src/autoctrl.o
 .debug_loc     0x0000b078      0x1d2 Src/controller.o
 .debug_loc     0x0000b24a       0x34 Src/main.o
 .debug_loc     0x0000b27e      0x123 Src/microswitch.o
 .debug_loc     0x0000b3a1      0x58d Src/motor.o
 .debug_loc     0x0000b92e      0x510 Src/servomotor.o
 .debug_loc     0x0000be3e      0x3a7 Src/stm32f7xx_hal_msp.o
 .debug_loc     0x0000c1e5      0x3af Src/syscalls.o
 .debug_loc     0x0000c594      0x13e Src/system_stm32f7xx.o

.debug_aranges  0x00000000     0x12b8
 .debug_aranges
                0x00000000      0x110 Drivers/STM32F7xx_HAL_Driver/Src/stm32f7xx_hal.o
 .debug_aranges
                0x00000110       0xa8 Drivers/STM32F7xx_HAL_Driver/Src/stm32f7xx_hal_cortex.o
 .debug_aranges
                0x000001b8      0x110 Drivers/STM32F7xx_HAL_Driver/Src/stm32f7xx_hal_eth.o
 .debug_aranges
                0x000002c8       0x58 Drivers/STM32F7xx_HAL_Driver/Src/stm32f7xx_hal_gpio.o
 .debug_aranges
                0x00000320       0xa0 Drivers/STM32F7xx_HAL_Driver/Src/stm32f7xx_hal_pwr.o
 .debug_aranges
                0x000003c0       0x80 Drivers/STM32F7xx_HAL_Driver/Src/stm32f7xx_hal_pwr_ex.o
 .debug_aranges
                0x00000440       0x88 Drivers/STM32F7xx_HAL_Driver/Src/stm32f7xx_hal_rcc.o
 .debug_aranges
                0x000004c8       0x50 Drivers/STM32F7xx_HAL_Driver/Src/stm32f7xx_hal_rcc_ex.o
 .debug_aranges
                0x00000518      0x1d8 Drivers/STM32F7xx_HAL_Driver/Src/stm32f7xx_hal_spi.o
 .debug_aranges
                0x000006f0      0x3b8 Drivers/STM32F7xx_HAL_Driver/Src/stm32f7xx_hal_tim.o
 .debug_aranges
                0x00000aa8      0x168 Drivers/STM32F7xx_HAL_Driver/Src/stm32f7xx_hal_tim_ex.o
 .debug_aranges
                0x00000c10      0x1f8 Drivers/STM32F7xx_HAL_Driver/Src/stm32f7xx_hal_uart.o
 .debug_aranges
                0x00000e08       0x48 Src/auto_pass.o
 .debug_aranges
                0x00000e50       0x28 Src/autoctrl.o
 .debug_aranges
                0x00000e78       0x38 Src/brushless.o
 .debug_aranges
                0x00000eb0       0x48 Src/controller.o
 .debug_aranges
                0x00000ef8       0x38 Src/encoder.o
 .debug_aranges
                0x00000f30       0xb0 Src/main.o
 .debug_aranges
                0x00000fe0       0x28 Src/microswitch.o
 .debug_aranges
                0x00001008       0x58 Src/motor.o
 .debug_aranges
                0x00001060       0x28 Src/robotstate.o
 .debug_aranges
                0x00001088       0x40 Src/servomotor.o
 .debug_aranges
                0x000010c8       0x88 Src/stm32f7xx_hal_msp.o
 .debug_aranges
                0x00001150       0x68 Src/stm32f7xx_it.o
 .debug_aranges
                0x000011b8       0xb0 Src/syscalls.o
 .debug_aranges
                0x00001268       0x28 Src/system_stm32f7xx.o
 .debug_aranges
                0x00001290       0x28 startup/startup_stm32f767xx.o

.debug_ranges   0x00000000     0x1200
 .debug_ranges  0x00000000      0x100 Drivers/STM32F7xx_HAL_Driver/Src/stm32f7xx_hal.o
 .debug_ranges  0x00000100       0xf8 Drivers/STM32F7xx_HAL_Driver/Src/stm32f7xx_hal_cortex.o
 .debug_ranges  0x000001f8      0x100 Drivers/STM32F7xx_HAL_Driver/Src/stm32f7xx_hal_eth.o
 .debug_ranges  0x000002f8       0x48 Drivers/STM32F7xx_HAL_Driver/Src/stm32f7xx_hal_gpio.o
 .debug_ranges  0x00000340       0x90 Drivers/STM32F7xx_HAL_Driver/Src/stm32f7xx_hal_pwr.o
 .debug_ranges  0x000003d0       0x70 Drivers/STM32F7xx_HAL_Driver/Src/stm32f7xx_hal_pwr_ex.o
 .debug_ranges  0x00000440       0x78 Drivers/STM32F7xx_HAL_Driver/Src/stm32f7xx_hal_rcc.o
 .debug_ranges  0x000004b8       0x40 Drivers/STM32F7xx_HAL_Driver/Src/stm32f7xx_hal_rcc_ex.o
 .debug_ranges  0x000004f8      0x1c8 Drivers/STM32F7xx_HAL_Driver/Src/stm32f7xx_hal_spi.o
 .debug_ranges  0x000006c0      0x3a8 Drivers/STM32F7xx_HAL_Driver/Src/stm32f7xx_hal_tim.o
 .debug_ranges  0x00000a68      0x158 Drivers/STM32F7xx_HAL_Driver/Src/stm32f7xx_hal_tim_ex.o
 .debug_ranges  0x00000bc0      0x1e8 Drivers/STM32F7xx_HAL_Driver/Src/stm32f7xx_hal_uart.o
 .debug_ranges  0x00000da8       0x50 Src/auto_pass.o
 .debug_ranges  0x00000df8       0x18 Src/autoctrl.o
 .debug_ranges  0x00000e10       0x28 Src/brushless.o
 .debug_ranges  0x00000e38       0x50 Src/controller.o
 .debug_ranges  0x00000e88       0x28 Src/encoder.o
 .debug_ranges  0x00000eb0       0xb8 Src/main.o
 .debug_ranges  0x00000f68       0x18 Src/microswitch.o
 .debug_ranges  0x00000f80       0x48 Src/motor.o
 .debug_ranges  0x00000fc8       0x18 Src/robotstate.o
 .debug_ranges  0x00000fe0       0x78 Src/servomotor.o
 .debug_ranges  0x00001058       0x78 Src/stm32f7xx_hal_msp.o
 .debug_ranges  0x000010d0       0x58 Src/stm32f7xx_it.o
 .debug_ranges  0x00001128       0xa0 Src/syscalls.o
 .debug_ranges  0x000011c8       0x18 Src/system_stm32f7xx.o
 .debug_ranges  0x000011e0       0x20 startup/startup_stm32f767xx.o

.debug_macro    0x00000000    0x2b3b3
 .debug_macro   0x00000000      0x226 Drivers/STM32F7xx_HAL_Driver/Src/stm32f7xx_hal.o
 .debug_macro   0x00000226      0xa6c Drivers/STM32F7xx_HAL_Driver/Src/stm32f7xx_hal.o
 .debug_macro   0x00000c92      0x1a3 Drivers/STM32F7xx_HAL_Driver/Src/stm32f7xx_hal.o
 .debug_macro   0x00000e35       0x2e Drivers/STM32F7xx_HAL_Driver/Src/stm32f7xx_hal.o
 .debug_macro   0x00000e63       0x3b Drivers/STM32F7xx_HAL_Driver/Src/stm32f7xx_hal.o
 .debug_macro   0x00000e9e       0x22 Drivers/STM32F7xx_HAL_Driver/Src/stm32f7xx_hal.o
 .debug_macro   0x00000ec0       0x87 Drivers/STM32F7xx_HAL_Driver/Src/stm32f7xx_hal.o
 .debug_macro   0x00000f47       0x51 Drivers/STM32F7xx_HAL_Driver/Src/stm32f7xx_hal.o
 .debug_macro   0x00000f98       0xef Drivers/STM32F7xx_HAL_Driver/Src/stm32f7xx_hal.o
 .debug_macro   0x00001087       0x6a Drivers/STM32F7xx_HAL_Driver/Src/stm32f7xx_hal.o
 .debug_macro   0x000010f1      0x1df Drivers/STM32F7xx_HAL_Driver/Src/stm32f7xx_hal.o
 .debug_macro   0x000012d0       0x1c Drivers/STM32F7xx_HAL_Driver/Src/stm32f7xx_hal.o
 .debug_macro   0x000012ec       0x22 Drivers/STM32F7xx_HAL_Driver/Src/stm32f7xx_hal.o
 .debug_macro   0x0000130e       0xdf Drivers/STM32F7xx_HAL_Driver/Src/stm32f7xx_hal.o
 .debug_macro   0x000013ed     0x12cd Drivers/STM32F7xx_HAL_Driver/Src/stm32f7xx_hal.o
 .debug_macro   0x000026ba      0x11f Drivers/STM32F7xx_HAL_Driver/Src/stm32f7xx_hal.o
 .debug_macro   0x000027d9       0x19 Drivers/STM32F7xx_HAL_Driver/Src/stm32f7xx_hal.o
 .debug_macro   0x000027f2    0x1a029 Drivers/STM32F7xx_HAL_Driver/Src/stm32f7xx_hal.o
 .debug_macro   0x0001c81b       0x43 Drivers/STM32F7xx_HAL_Driver/Src/stm32f7xx_hal.o
 .debug_macro   0x0001c85e     0x363d Drivers/STM32F7xx_HAL_Driver/Src/stm32f7xx_hal.o
 .debug_macro   0x0001fe9b      0x174 Drivers/STM32F7xx_HAL_Driver/Src/stm32f7xx_hal.o
 .debug_macro   0x0002000f       0x55 Drivers/STM32F7xx_HAL_Driver/Src/stm32f7xx_hal.o
 .debug_macro   0x00020064     0x1add Drivers/STM32F7xx_HAL_Driver/Src/stm32f7xx_hal.o
 .debug_macro   0x00021b41      0x6c4 Drivers/STM32F7xx_HAL_Driver/Src/stm32f7xx_hal.o
 .debug_macro   0x00022205      0x109 Drivers/STM32F7xx_HAL_Driver/Src/stm32f7xx_hal.o
 .debug_macro   0x0002230e      0x117 Drivers/STM32F7xx_HAL_Driver/Src/stm32f7xx_hal.o
 .debug_macro   0x00022425      0x26f Drivers/STM32F7xx_HAL_Driver/Src/stm32f7xx_hal.o
 .debug_macro   0x00022694       0x27 Drivers/STM32F7xx_HAL_Driver/Src/stm32f7xx_hal.o
 .debug_macro   0x000226bb      0x24f Drivers/STM32F7xx_HAL_Driver/Src/stm32f7xx_hal.o
 .debug_macro   0x0002290a       0x71 Drivers/STM32F7xx_HAL_Driver/Src/stm32f7xx_hal.o
 .debug_macro   0x0002297b       0x58 Drivers/STM32F7xx_HAL_Driver/Src/stm32f7xx_hal.o
 .debug_macro   0x000229d3      0x236 Drivers/STM32F7xx_HAL_Driver/Src/stm32f7xx_hal.o
 .debug_macro   0x00022c09      0xccf Drivers/STM32F7xx_HAL_Driver/Src/stm32f7xx_hal.o
 .debug_macro   0x000238d8      0x14f Drivers/STM32F7xx_HAL_Driver/Src/stm32f7xx_hal.o
 .debug_macro   0x00023a27      0x3dc Drivers/STM32F7xx_HAL_Driver/Src/stm32f7xx_hal.o
 .debug_macro   0x00023e03       0x12 Drivers/STM32F7xx_HAL_Driver/Src/stm32f7xx_hal.o
 .debug_macro   0x00023e15      0x22c Drivers/STM32F7xx_HAL_Driver/Src/stm32f7xx_hal.o
 .debug_macro   0x00024041       0x61 Drivers/STM32F7xx_HAL_Driver/Src/stm32f7xx_hal.o
 .debug_macro   0x000240a2       0xa5 Drivers/STM32F7xx_HAL_Driver/Src/stm32f7xx_hal.o
 .debug_macro   0x00024147      0x12f Drivers/STM32F7xx_HAL_Driver/Src/stm32f7xx_hal.o
 .debug_macro   0x00024276      0x108 Drivers/STM32F7xx_HAL_Driver/Src/stm32f7xx_hal.o
 .debug_macro   0x0002437e       0x35 Drivers/STM32F7xx_HAL_Driver/Src/stm32f7xx_hal.o
 .debug_macro   0x000243b3      0x2fe Drivers/STM32F7xx_HAL_Driver/Src/stm32f7xx_hal.o
 .debug_macro   0x000246b1      0x9f0 Drivers/STM32F7xx_HAL_Driver/Src/stm32f7xx_hal.o
 .debug_macro   0x000250a1       0xa9 Drivers/STM32F7xx_HAL_Driver/Src/stm32f7xx_hal.o
 .debug_macro   0x0002514a      0x519 Drivers/STM32F7xx_HAL_Driver/Src/stm32f7xx_hal.o
 .debug_macro   0x00025663       0x44 Drivers/STM32F7xx_HAL_Driver/Src/stm32f7xx_hal.o
 .debug_macro   0x000256a7      0x15c Drivers/STM32F7xx_HAL_Driver/Src/stm32f7xx_hal.o
 .debug_macro   0x00025803      0x202 Drivers/STM32F7xx_HAL_Driver/Src/stm32f7xx_hal_cortex.o
 .debug_macro   0x00025a05      0x218 Drivers/STM32F7xx_HAL_Driver/Src/stm32f7xx_hal_eth.o
 .debug_macro   0x00025c1d      0x238 Drivers/STM32F7xx_HAL_Driver/Src/stm32f7xx_hal_gpio.o
 .debug_macro   0x00025e55      0x220 Drivers/STM32F7xx_HAL_Driver/Src/stm32f7xx_hal_pwr.o
 .debug_macro   0x00026075      0x21a Drivers/STM32F7xx_HAL_Driver/Src/stm32f7xx_hal_pwr_ex.o
 .debug_macro   0x0002628f      0x226 Drivers/STM32F7xx_HAL_Driver/Src/stm32f7xx_hal_rcc.o
 .debug_macro   0x000264b5      0x202 Drivers/STM32F7xx_HAL_Driver/Src/stm32f7xx_hal_rcc_ex.o
 .debug_macro   0x000266b7      0x20a Drivers/STM32F7xx_HAL_Driver/Src/stm32f7xx_hal_spi.o
 .debug_macro   0x000268c1      0x203 Drivers/STM32F7xx_HAL_Driver/Src/stm32f7xx_hal_tim.o